  Determining projects to restore...
  All projects are up-to-date for restore.
J:\Studing\some projects\IdentityProject\Identity\Identity.CORE\Helpers\BaseResponse.cs(16,62): warning CS8625: Cannot convert null literal to non-nullable reference type. [J:\Studing\some projects\IdentityProject\Identity\Identity.CORE\MyShop.CORE.csproj]
J:\Studing\some projects\IdentityProject\Identity\Identity.CORE\Helpers\BaseResponse.cs(23,78): warning CS8625: Cannot convert null literal to non-nullable reference type. [J:\Studing\some projects\IdentityProject\Identity\Identity.CORE\MyShop.CORE.csproj]
J:\Studing\some projects\IdentityProject\Identity\Identity.CORE\Helpers\BaseResponse.cs(31,65): warning CS8625: Cannot convert null literal to non-nullable reference type. [J:\Studing\some projects\IdentityProject\Identity\Identity.CORE\MyShop.CORE.csproj]
J:\Studing\some projects\IdentityProject\Identity\Identity.CORE\RepositoriyInterfaces\IBaseRepository.cs(19,73): warning CS8625: Cannot convert null literal to non-nullable reference type. [J:\Studing\some projects\IdentityProject\Identity\Identity.CORE\MyShop.CORE.csproj]
J:\Studing\some projects\IdentityProject\Identity\Identity.CORE\RepositoriyInterfaces\IBaseRepository.cs(20,85): warning CS8625: Cannot convert null literal to non-nullable reference type. [J:\Studing\some projects\IdentityProject\Identity\Identity.CORE\MyShop.CORE.csproj]
J:\Studing\some projects\IdentityProject\Identity\Identity.CORE\RepositoriyInterfaces\IBaseRepository.cs(22,138): warning CS8625: Cannot convert null literal to non-nullable reference type. [J:\Studing\some projects\IdentityProject\Identity\Identity.CORE\MyShop.CORE.csproj]
J:\Studing\some projects\IdentityProject\Identity\Identity.CORE\RepositoriyInterfaces\IBaseRepository.cs(24,138): warning CS8625: Cannot convert null literal to non-nullable reference type. [J:\Studing\some projects\IdentityProject\Identity\Identity.CORE\MyShop.CORE.csproj]
J:\Studing\some projects\IdentityProject\Identity\Identity.CORE\Implmentations\WishService.cs(63,52): warning CS8604: Possible null reference argument for parameter 'userId' in 'Task<ApplicationUser?> UserManager<ApplicationUser>.FindByIdAsync(string userId)'. [J:\Studing\some projects\IdentityProject\Identity\Identity.CORE\MyShop.CORE.csproj]
J:\Studing\some projects\IdentityProject\Identity\Identity.CORE\Implmentations\ReviewService.cs(41,69): warning CS8604: Possible null reference argument for parameter 'user' in 'Task<bool> UserManager<ApplicationUser>.IsInRoleAsync(ApplicationUser user, string role)'. [J:\Studing\some projects\IdentityProject\Identity\Identity.CORE\MyShop.CORE.csproj]
J:\Studing\some projects\IdentityProject\Identity\Identity.CORE\Implmentations\ProfileService.cs(153,28): warning CS8601: Possible null reference assignment. [J:\Studing\some projects\IdentityProject\Identity\Identity.CORE\MyShop.CORE.csproj]
J:\Studing\some projects\IdentityProject\Identity\Identity.CORE\Implmentations\ProfileService.cs(154,63): warning CS8604: Possible null reference argument for parameter 'path2' in 'string Path.Combine(string path1, string path2)'. [J:\Studing\some projects\IdentityProject\Identity\Identity.CORE\MyShop.CORE.csproj]
J:\Studing\some projects\IdentityProject\Identity\Identity.CORE\Implmentations\ProfileService.cs(171,29): warning CS8602: Dereference of a possibly null reference. [J:\Studing\some projects\IdentityProject\Identity\Identity.CORE\MyShop.CORE.csproj]
J:\Studing\some projects\IdentityProject\Identity\Identity.CORE\Implmentations\ProfileService.cs(185,29): warning CS8602: Dereference of a possibly null reference. [J:\Studing\some projects\IdentityProject\Identity\Identity.CORE\MyShop.CORE.csproj]
J:\Studing\some projects\IdentityProject\Identity\Identity.CORE\Implmentations\Auth\AuthService.cs(263,30): warning CS0168: The variable 'ex' is declared but never used [J:\Studing\some projects\IdentityProject\Identity\Identity.CORE\MyShop.CORE.csproj]
J:\Studing\some projects\IdentityProject\Identity\Identity.CORE\Dtos\Wish\WishResponseDto.cs(16,27): warning CS8618: Non-nullable property 'Product' must contain a non-null value when exiting constructor. Consider adding the 'required' modifier or declaring the property as nullable. [J:\Studing\some projects\IdentityProject\Identity\Identity.CORE\MyShop.CORE.csproj]
J:\Studing\some projects\IdentityProject\Identity\Identity.CORE\AutoMapping\UserProfile.cs(23,64): warning CS8602: Dereference of a possibly null reference. [J:\Studing\some projects\IdentityProject\Identity\Identity.CORE\MyShop.CORE.csproj]
J:\Studing\some projects\IdentityProject\Identity\Identity.CORE\Implmentations\ProductService.cs(103,39): warning CS8602: Dereference of a possibly null reference. [J:\Studing\some projects\IdentityProject\Identity\Identity.CORE\MyShop.CORE.csproj]
J:\Studing\some projects\IdentityProject\Identity\Identity.CORE\Implmentations\ProductService.cs(243,36): warning CS8601: Possible null reference assignment. [J:\Studing\some projects\IdentityProject\Identity\Identity.CORE\MyShop.CORE.csproj]
J:\Studing\some projects\IdentityProject\Identity\Identity.CORE\Implmentations\ProductService.cs(288,23): warning CS8601: Possible null reference assignment. [J:\Studing\some projects\IdentityProject\Identity\Identity.CORE\MyShop.CORE.csproj]
J:\Studing\some projects\IdentityProject\Identity\Identity.CORE\Entities\WishList.cs(15,24): warning CS8618: Non-nullable property 'Product' must contain a non-null value when exiting constructor. Consider adding the 'required' modifier or declaring the property as nullable. [J:\Studing\some projects\IdentityProject\Identity\Identity.CORE\MyShop.CORE.csproj]
J:\Studing\some projects\IdentityProject\Identity\Identity.CORE\Entities\VariantAttribute.cs(17,31): warning CS8618: Non-nullable property 'ProductVariant' must contain a non-null value when exiting constructor. Consider adding the 'required' modifier or declaring the property as nullable. [J:\Studing\some projects\IdentityProject\Identity\Identity.CORE\MyShop.CORE.csproj]
J:\Studing\some projects\IdentityProject\Identity\Identity.CORE\Entities\VariantAttribute.cs(20,26): warning CS8618: Non-nullable property 'Attribute' must contain a non-null value when exiting constructor. Consider adding the 'required' modifier or declaring the property as nullable. [J:\Studing\some projects\IdentityProject\Identity\Identity.CORE\MyShop.CORE.csproj]
J:\Studing\some projects\IdentityProject\Identity\Identity.CORE\Dtos\Order\OrderResponseDto.cs(16,23): warning CS8618: Non-nullable property 'BuyerName' must contain a non-null value when exiting constructor. Consider adding the 'required' modifier or declaring the property as nullable. [J:\Studing\some projects\IdentityProject\Identity\Identity.CORE\MyShop.CORE.csproj]
J:\Studing\some projects\IdentityProject\Identity\Identity.CORE\Dtos\Order\OrderResponseDto.cs(17,23): warning CS8618: Non-nullable property 'BuyerEmail' must contain a non-null value when exiting constructor. Consider adding the 'required' modifier or declaring the property as nullable. [J:\Studing\some projects\IdentityProject\Identity\Identity.CORE\MyShop.CORE.csproj]
J:\Studing\some projects\IdentityProject\Identity\Identity.CORE\Dtos\Order\OrderResponseDto.cs(18,23): warning CS8618: Non-nullable property 'BuyerPhone' must contain a non-null value when exiting constructor. Consider adding the 'required' modifier or declaring the property as nullable. [J:\Studing\some projects\IdentityProject\Identity\Identity.CORE\MyShop.CORE.csproj]
J:\Studing\some projects\IdentityProject\Identity\Identity.CORE\AutoMapping\CartProfile.cs(22,23): warning CS8602: Dereference of a possibly null reference. [J:\Studing\some projects\IdentityProject\Identity\Identity.CORE\MyShop.CORE.csproj]
J:\Studing\some projects\IdentityProject\Identity\Identity.CORE\Entities\Attribute.cs(13,23): warning CS8618: Non-nullable property 'DataType' must contain a non-null value when exiting constructor. Consider adding the 'required' modifier or declaring the property as nullable. [J:\Studing\some projects\IdentityProject\Identity\Identity.CORE\MyShop.CORE.csproj]
J:\Studing\some projects\IdentityProject\Identity\Identity.CORE\Entities\CartItem.cs(18,31): warning CS8618: Non-nullable property 'ProductVariant' must contain a non-null value when exiting constructor. Consider adding the 'required' modifier or declaring the property as nullable. [J:\Studing\some projects\IdentityProject\Identity\Identity.CORE\MyShop.CORE.csproj]
J:\Studing\some projects\IdentityProject\Identity\Identity.CORE\Entities\CartItem.cs(22,25): warning CS8618: Non-nullable property 'Customer' must contain a non-null value when exiting constructor. Consider adding the 'required' modifier or declaring the property as nullable. [J:\Studing\some projects\IdentityProject\Identity\Identity.CORE\MyShop.CORE.csproj]
J:\Studing\some projects\IdentityProject\Identity\Identity.CORE\Entities\Coupon.cs(15,23): warning CS8618: Non-nullable property 'CouponCode' must contain a non-null value when exiting constructor. Consider adding the 'required' modifier or declaring the property as nullable. [J:\Studing\some projects\IdentityProject\Identity\Identity.CORE\MyShop.CORE.csproj]
J:\Studing\some projects\IdentityProject\Identity\Identity.CORE\Entities\Customer.cs(18,32): warning CS8618: Non-nullable property 'User' must contain a non-null value when exiting constructor. Consider adding the 'required' modifier or declaring the property as nullable. [J:\Studing\some projects\IdentityProject\Identity\Identity.CORE\MyShop.CORE.csproj]
J:\Studing\some projects\IdentityProject\Identity\Identity.CORE\Entities\OrderEntities\OrderItem.cs(17,22): warning CS8618: Non-nullable property 'Order' must contain a non-null value when exiting constructor. Consider adding the 'required' modifier or declaring the property as nullable. [J:\Studing\some projects\IdentityProject\Identity\Identity.CORE\MyShop.CORE.csproj]
J:\Studing\some projects\IdentityProject\Identity\Identity.CORE\Entities\OrderEntities\OrderItem.cs(23,23): warning CS8618: Non-nullable property 'ProductName' must contain a non-null value when exiting constructor. Consider adding the 'required' modifier or declaring the property as nullable. [J:\Studing\some projects\IdentityProject\Identity\Identity.CORE\MyShop.CORE.csproj]
J:\Studing\some projects\IdentityProject\Identity\Identity.CORE\Entities\OrderEntities\Order.cs(19,25): warning CS8618: Non-nullable property 'Customer' must contain a non-null value when exiting constructor. Consider adding the 'required' modifier or declaring the property as nullable. [J:\Studing\some projects\IdentityProject\Identity\Identity.CORE\MyShop.CORE.csproj]
J:\Studing\some projects\IdentityProject\Identity\Identity.CORE\Entities\OrderEntities\Order.cs(22,23): warning CS8618: Non-nullable property 'Seller' must contain a non-null value when exiting constructor. Consider adding the 'required' modifier or declaring the property as nullable. [J:\Studing\some projects\IdentityProject\Identity\Identity.CORE\MyShop.CORE.csproj]
J:\Studing\some projects\IdentityProject\Identity\Identity.CORE\Entities\OrderEntities\Order.cs(25,23): warning CS8618: Non-nullable property 'BuyerName' must contain a non-null value when exiting constructor. Consider adding the 'required' modifier or declaring the property as nullable. [J:\Studing\some projects\IdentityProject\Identity\Identity.CORE\MyShop.CORE.csproj]
J:\Studing\some projects\IdentityProject\Identity\Identity.CORE\Entities\OrderEntities\Order.cs(26,23): warning CS8618: Non-nullable property 'BuyerEmail' must contain a non-null value when exiting constructor. Consider adding the 'required' modifier or declaring the property as nullable. [J:\Studing\some projects\IdentityProject\Identity\Identity.CORE\MyShop.CORE.csproj]
J:\Studing\some projects\IdentityProject\Identity\Identity.CORE\Entities\OrderEntities\Order.cs(27,23): warning CS8618: Non-nullable property 'BuyerPhone' must contain a non-null value when exiting constructor. Consider adding the 'required' modifier or declaring the property as nullable. [J:\Studing\some projects\IdentityProject\Identity\Identity.CORE\MyShop.CORE.csproj]
J:\Studing\some projects\IdentityProject\Identity\Identity.CORE\Entities\OrderEntities\Order.cs(29,23): warning CS8618: Non-nullable property 'Street' must contain a non-null value when exiting constructor. Consider adding the 'required' modifier or declaring the property as nullable. [J:\Studing\some projects\IdentityProject\Identity\Identity.CORE\MyShop.CORE.csproj]
J:\Studing\some projects\IdentityProject\Identity\Identity.CORE\Implmentations\ProductService.cs(403,32): warning CS8601: Possible null reference assignment. [J:\Studing\some projects\IdentityProject\Identity\Identity.CORE\MyShop.CORE.csproj]
J:\Studing\some projects\IdentityProject\Identity\Identity.CORE\Implmentations\ProductService.cs(404,63): warning CS8604: Possible null reference argument for parameter 'path2' in 'string Path.Combine(string path1, string path2)'. [J:\Studing\some projects\IdentityProject\Identity\Identity.CORE\MyShop.CORE.csproj]
J:\Studing\some projects\IdentityProject\Identity\Identity.CORE\Entities\Product.cs(23,23): warning CS8618: Non-nullable property 'Supplier' must contain a non-null value when exiting constructor. Consider adding the 'required' modifier or declaring the property as nullable. [J:\Studing\some projects\IdentityProject\Identity\Identity.CORE\MyShop.CORE.csproj]
J:\Studing\some projects\IdentityProject\Identity\Identity.CORE\Entities\Product.cs(26,25): warning CS8618: Non-nullable property 'Category' must contain a non-null value when exiting constructor. Consider adding the 'required' modifier or declaring the property as nullable. [J:\Studing\some projects\IdentityProject\Identity\Identity.CORE\MyShop.CORE.csproj]
J:\Studing\some projects\IdentityProject\Identity\Identity.CORE\Entities\ProductCoupon.cs(15,31): warning CS8618: Non-nullable property 'ProductVariant' must contain a non-null value when exiting constructor. Consider adding the 'required' modifier or declaring the property as nullable. [J:\Studing\some projects\IdentityProject\Identity\Identity.CORE\MyShop.CORE.csproj]
J:\Studing\some projects\IdentityProject\Identity\Identity.CORE\Entities\ProductCoupon.cs(18,23): warning CS8618: Non-nullable property 'Coupon' must contain a non-null value when exiting constructor. Consider adding the 'required' modifier or declaring the property as nullable. [J:\Studing\some projects\IdentityProject\Identity\Identity.CORE\MyShop.CORE.csproj]
J:\Studing\some projects\IdentityProject\Identity\Identity.CORE\Entities\ProductPhoto.cs(17,24): warning CS8618: Non-nullable property 'Product' must contain a non-null value when exiting constructor. Consider adding the 'required' modifier or declaring the property as nullable. [J:\Studing\some projects\IdentityProject\Identity\Identity.CORE\MyShop.CORE.csproj]
J:\Studing\some projects\IdentityProject\Identity\Identity.CORE\Entities\ProductVariant.cs(17,24): warning CS8618: Non-nullable property 'Product' must contain a non-null value when exiting constructor. Consider adding the 'required' modifier or declaring the property as nullable. [J:\Studing\some projects\IdentityProject\Identity\Identity.CORE\MyShop.CORE.csproj]
J:\Studing\some projects\IdentityProject\Identity\Identity.CORE\Entities\ProductVariant.cs(18,23): warning CS8618: Non-nullable property 'SKU' must contain a non-null value when exiting constructor. Consider adding the 'required' modifier or declaring the property as nullable. [J:\Studing\some projects\IdentityProject\Identity\Identity.CORE\MyShop.CORE.csproj]
J:\Studing\some projects\IdentityProject\Identity\Identity.CORE\Entities\Review.cs(16,24): warning CS8618: Non-nullable property 'Product' must contain a non-null value when exiting constructor. Consider adding the 'required' modifier or declaring the property as nullable. [J:\Studing\some projects\IdentityProject\Identity\Identity.CORE\MyShop.CORE.csproj]
J:\Studing\some projects\IdentityProject\Identity\Identity.CORE\Entities\Review.cs(19,25): warning CS8618: Non-nullable property 'Customer' must contain a non-null value when exiting constructor. Consider adding the 'required' modifier or declaring the property as nullable. [J:\Studing\some projects\IdentityProject\Identity\Identity.CORE\MyShop.CORE.csproj]
J:\Studing\some projects\IdentityProject\Identity\Identity.CORE\Entities\Seller.cs(18,32): warning CS8618: Non-nullable property 'User' must contain a non-null value when exiting constructor. Consider adding the 'required' modifier or declaring the property as nullable. [J:\Studing\some projects\IdentityProject\Identity\Identity.CORE\MyShop.CORE.csproj]
J:\Studing\some projects\IdentityProject\Identity\Identity.CORE\Entities\UserCoupon.cs(18,25): warning CS8618: Non-nullable property 'Customer' must contain a non-null value when exiting constructor. Consider adding the 'required' modifier or declaring the property as nullable. [J:\Studing\some projects\IdentityProject\Identity\Identity.CORE\MyShop.CORE.csproj]
J:\Studing\some projects\IdentityProject\Identity\Identity.CORE\Entities\UserCoupon.cs(21,23): warning CS8618: Non-nullable property 'Coupon' must contain a non-null value when exiting constructor. Consider adding the 'required' modifier or declaring the property as nullable. [J:\Studing\some projects\IdentityProject\Identity\Identity.CORE\MyShop.CORE.csproj]
J:\Studing\some projects\IdentityProject\Identity\Identity.CORE\Entities\UserPhoto.cs(20,32): warning CS8618: Non-nullable property 'User' must contain a non-null value when exiting constructor. Consider adding the 'required' modifier or declaring the property as nullable. [J:\Studing\some projects\IdentityProject\Identity\Identity.CORE\MyShop.CORE.csproj]
J:\Studing\some projects\IdentityProject\Identity\Identity.CORE\Implmentations\OrderService.cs(46,66): error CS0019: Operator '==' cannot be applied to operands of type 'Guid' and 'string' [J:\Studing\some projects\IdentityProject\Identity\Identity.CORE\MyShop.CORE.csproj]
J:\Studing\some projects\IdentityProject\Identity\Identity.CORE\Implmentations\OrderService.cs(49,161): error CS0117: 'CartItem' does not contain a definition for 'Product' [J:\Studing\some projects\IdentityProject\Identity\Identity.CORE\MyShop.CORE.csproj]
J:\Studing\some projects\IdentityProject\Identity\Identity.CORE\Implmentations\OrderService.cs(54,42): error CS1061: 'CartItem' does not contain a definition for 'Product' and no accessible extension method 'Product' accepting a first argument of type 'CartItem' could be found (are you missing a using directive or an assembly reference?) [J:\Studing\some projects\IdentityProject\Identity\Identity.CORE\MyShop.CORE.csproj]
J:\Studing\some projects\IdentityProject\Identity\Identity.CORE\Implmentations\OrderService.cs(62,98): error CS1061: 'CouponDto' does not contain a definition for 'CouponCode' and no accessible extension method 'CouponCode' accepting a first argument of type 'CouponDto' could be found (are you missing a using directive or an assembly reference?) [J:\Studing\some projects\IdentityProject\Identity\Identity.CORE\MyShop.CORE.csproj]
J:\Studing\some projects\IdentityProject\Identity\Identity.CORE\Implmentations\OrderService.cs(76,30): error CS1061: 'CartItem' does not contain a definition for 'Product' and no accessible extension method 'Product' accepting a first argument of type 'CartItem' could be found (are you missing a using directive or an assembly reference?) [J:\Studing\some projects\IdentityProject\Identity\Identity.CORE\MyShop.CORE.csproj]
J:\Studing\some projects\IdentityProject\Identity\Identity.CORE\Implmentations\OrderService.cs(78,50): error CS1061: 'CartItem' does not contain a definition for 'Product' and no accessible extension method 'Product' accepting a first argument of type 'CartItem' could be found (are you missing a using directive or an assembly reference?) [J:\Studing\some projects\IdentityProject\Identity\Identity.CORE\MyShop.CORE.csproj]
J:\Studing\some projects\IdentityProject\Identity\Identity.CORE\Implmentations\OrderService.cs(81,140): error CS1061: 'CartItem' does not contain a definition for 'ProductId' and no accessible extension method 'ProductId' accepting a first argument of type 'CartItem' could be found (are you missing a using directive or an assembly reference?) [J:\Studing\some projects\IdentityProject\Identity\Identity.CORE\MyShop.CORE.csproj]
J:\Studing\some projects\IdentityProject\Identity\Identity.CORE\Implmentations\OrderService.cs(88,42): error CS1061: 'CartItem' does not contain a definition for 'ProductId' and no accessible extension method 'ProductId' accepting a first argument of type 'CartItem' could be found (are you missing a using directive or an assembly reference?) [J:\Studing\some projects\IdentityProject\Identity\Identity.CORE\MyShop.CORE.csproj]
J:\Studing\some projects\IdentityProject\Identity\Identity.CORE\Implmentations\OrderService.cs(91,44): error CS1061: 'CartItem' does not contain a definition for 'Product' and no accessible extension method 'Product' accepting a first argument of type 'CartItem' could be found (are you missing a using directive or an assembly reference?) [J:\Studing\some projects\IdentityProject\Identity\Identity.CORE\MyShop.CORE.csproj]
J:\Studing\some projects\IdentityProject\Identity\Identity.CORE\Implmentations\OrderService.cs(92,21): error CS0117: 'OrderItem' does not contain a definition for 'ProductDescription' [J:\Studing\some projects\IdentityProject\Identity\Identity.CORE\MyShop.CORE.csproj]
J:\Studing\some projects\IdentityProject\Identity\Identity.CORE\Implmentations\OrderService.cs(92,51): error CS1061: 'CartItem' does not contain a definition for 'Product' and no accessible extension method 'Product' accepting a first argument of type 'CartItem' could be found (are you missing a using directive or an assembly reference?) [J:\Studing\some projects\IdentityProject\Identity\Identity.CORE\MyShop.CORE.csproj]
J:\Studing\some projects\IdentityProject\Identity\Identity.CORE\Implmentations\OrderService.cs(93,49): error CS1061: 'CartItem' does not contain a definition for 'Product' and no accessible extension method 'Product' accepting a first argument of type 'CartItem' could be found (are you missing a using directive or an assembly reference?) [J:\Studing\some projects\IdentityProject\Identity\Identity.CORE\MyShop.CORE.csproj]
J:\Studing\some projects\IdentityProject\Identity\Identity.CORE\Implmentations\OrderService.cs(94,21): error CS0117: 'OrderItem' does not contain a definition for 'ProductPhotoContentType' [J:\Studing\some projects\IdentityProject\Identity\Identity.CORE\MyShop.CORE.csproj]
J:\Studing\some projects\IdentityProject\Identity\Identity.CORE\Implmentations\OrderService.cs(94,56): error CS1061: 'CartItem' does not contain a definition for 'Product' and no accessible extension method 'Product' accepting a first argument of type 'CartItem' could be found (are you missing a using directive or an assembly reference?) [J:\Studing\some projects\IdentityProject\Identity\Identity.CORE\MyShop.CORE.csproj]
J:\Studing\some projects\IdentityProject\Identity\Identity.CORE\Implmentations\OrderService.cs(56,51): warning CS8600: Converting null literal or possible null value to non-nullable type. [J:\Studing\some projects\IdentityProject\Identity\Identity.CORE\MyShop.CORE.csproj]
J:\Studing\some projects\IdentityProject\Identity\Identity.CORE\Implmentations\OrderService.cs(114,73): warning CS8629: Nullable value type may be null. [J:\Studing\some projects\IdentityProject\Identity\Identity.CORE\MyShop.CORE.csproj]
J:\Studing\some projects\IdentityProject\Identity\Identity.CORE\Implmentations\OrderService.cs(167,17): error CS0117: 'PageResult<OrderResponseDto>' does not contain a definition for 'TotalCount' [J:\Studing\some projects\IdentityProject\Identity\Identity.CORE\MyShop.CORE.csproj]
J:\Studing\some projects\IdentityProject\Identity\Identity.CORE\Implmentations\OrderService.cs(168,17): error CS0117: 'PageResult<OrderResponseDto>' does not contain a definition for 'PageNumber' [J:\Studing\some projects\IdentityProject\Identity\Identity.CORE\MyShop.CORE.csproj]
J:\Studing\some projects\IdentityProject\Identity\Identity.CORE\Implmentations\OrderService.cs(170,17): error CS0200: Property or indexer 'PageResult<OrderResponseDto>.TotalPages' cannot be assigned to -- it is read only [J:\Studing\some projects\IdentityProject\Identity\Identity.CORE\MyShop.CORE.csproj]
J:\Studing\some projects\IdentityProject\Identity\Identity.CORE\Dtos\Order\AddOrderDto.cs(15,23): warning CS8618: Non-nullable property 'PhoneNumber' must contain a non-null value when exiting constructor. Consider adding the 'required' modifier or declaring the property as nullable. [J:\Studing\some projects\IdentityProject\Identity\Identity.CORE\MyShop.CORE.csproj]
J:\Studing\some projects\IdentityProject\Identity\Identity.CORE\Helpers\BaseResponse.cs(12,16): warning CS8618: Non-nullable property 'Data' must contain a non-null value when exiting constructor. Consider adding the 'required' modifier or declaring the property as nullable. [J:\Studing\some projects\IdentityProject\Identity\Identity.CORE\MyShop.CORE.csproj]
J:\Studing\some projects\IdentityProject\Identity\Identity.CORE\Helpers\BaseResponse.cs(12,16): warning CS8618: Non-nullable property 'ResponseMessage' must contain a non-null value when exiting constructor. Consider adding the 'required' modifier or declaring the property as nullable. [J:\Studing\some projects\IdentityProject\Identity\Identity.CORE\MyShop.CORE.csproj]
J:\Studing\some projects\IdentityProject\Identity\Identity.CORE\Helpers\BaseResponse.cs(31,16): warning CS8618: Non-nullable property 'Data' must contain a non-null value when exiting constructor. Consider adding the 'required' modifier or declaring the property as nullable. [J:\Studing\some projects\IdentityProject\Identity\Identity.CORE\MyShop.CORE.csproj]
J:\Studing\some projects\IdentityProject\Identity\Identity.CORE\Implmentations\OrderService.cs(206,106): error CS0117: 'DeliveryStatusOptions' does not contain a definition for 'Cancelled' [J:\Studing\some projects\IdentityProject\Identity\Identity.CORE\MyShop.CORE.csproj]
J:\Studing\some projects\IdentityProject\Identity\Identity.CORE\Implmentations\OrderService.cs(211,50): error CS0117: 'DeliveryStatusOptions' does not contain a definition for 'Cancelled' [J:\Studing\some projects\IdentityProject\Identity\Identity.CORE\MyShop.CORE.csproj]
J:\Studing\some projects\IdentityProject\Identity\Identity.CORE\Implmentations\FileService.cs(55,36): warning CS8604: Possible null reference argument for parameter 'item' in 'void List<string>.Add(string item)'. [J:\Studing\some projects\IdentityProject\Identity\Identity.CORE\MyShop.CORE.csproj]
J:\Studing\some projects\IdentityProject\Identity\Identity.CORE\Dtos\Category\AddCategoryDto.cs(11,23): warning CS8618: Non-nullable property 'Name' must contain a non-null value when exiting constructor. Consider adding the 'required' modifier or declaring the property as nullable. [J:\Studing\some projects\IdentityProject\Identity\Identity.CORE\MyShop.CORE.csproj]
J:\Studing\some projects\IdentityProject\Identity\Identity.CORE\Identity\RefreshToken.cs(15,32): warning CS8618: Non-nullable property 'User' must contain a non-null value when exiting constructor. Consider adding the 'required' modifier or declaring the property as nullable. [J:\Studing\some projects\IdentityProject\Identity\Identity.CORE\MyShop.CORE.csproj]

Build FAILED.

J:\Studing\some projects\IdentityProject\Identity\Identity.CORE\Helpers\BaseResponse.cs(16,62): warning CS8625: Cannot convert null literal to non-nullable reference type. [J:\Studing\some projects\IdentityProject\Identity\Identity.CORE\MyShop.CORE.csproj]
J:\Studing\some projects\IdentityProject\Identity\Identity.CORE\Helpers\BaseResponse.cs(23,78): warning CS8625: Cannot convert null literal to non-nullable reference type. [J:\Studing\some projects\IdentityProject\Identity\Identity.CORE\MyShop.CORE.csproj]
J:\Studing\some projects\IdentityProject\Identity\Identity.CORE\Helpers\BaseResponse.cs(31,65): warning CS8625: Cannot convert null literal to non-nullable reference type. [J:\Studing\some projects\IdentityProject\Identity\Identity.CORE\MyShop.CORE.csproj]
J:\Studing\some projects\IdentityProject\Identity\Identity.CORE\RepositoriyInterfaces\IBaseRepository.cs(19,73): warning CS8625: Cannot convert null literal to non-nullable reference type. [J:\Studing\some projects\IdentityProject\Identity\Identity.CORE\MyShop.CORE.csproj]
J:\Studing\some projects\IdentityProject\Identity\Identity.CORE\RepositoriyInterfaces\IBaseRepository.cs(20,85): warning CS8625: Cannot convert null literal to non-nullable reference type. [J:\Studing\some projects\IdentityProject\Identity\Identity.CORE\MyShop.CORE.csproj]
J:\Studing\some projects\IdentityProject\Identity\Identity.CORE\RepositoriyInterfaces\IBaseRepository.cs(22,138): warning CS8625: Cannot convert null literal to non-nullable reference type. [J:\Studing\some projects\IdentityProject\Identity\Identity.CORE\MyShop.CORE.csproj]
J:\Studing\some projects\IdentityProject\Identity\Identity.CORE\RepositoriyInterfaces\IBaseRepository.cs(24,138): warning CS8625: Cannot convert null literal to non-nullable reference type. [J:\Studing\some projects\IdentityProject\Identity\Identity.CORE\MyShop.CORE.csproj]
J:\Studing\some projects\IdentityProject\Identity\Identity.CORE\Implmentations\WishService.cs(63,52): warning CS8604: Possible null reference argument for parameter 'userId' in 'Task<ApplicationUser?> UserManager<ApplicationUser>.FindByIdAsync(string userId)'. [J:\Studing\some projects\IdentityProject\Identity\Identity.CORE\MyShop.CORE.csproj]
J:\Studing\some projects\IdentityProject\Identity\Identity.CORE\Implmentations\ReviewService.cs(41,69): warning CS8604: Possible null reference argument for parameter 'user' in 'Task<bool> UserManager<ApplicationUser>.IsInRoleAsync(ApplicationUser user, string role)'. [J:\Studing\some projects\IdentityProject\Identity\Identity.CORE\MyShop.CORE.csproj]
J:\Studing\some projects\IdentityProject\Identity\Identity.CORE\Implmentations\ProfileService.cs(153,28): warning CS8601: Possible null reference assignment. [J:\Studing\some projects\IdentityProject\Identity\Identity.CORE\MyShop.CORE.csproj]
J:\Studing\some projects\IdentityProject\Identity\Identity.CORE\Implmentations\ProfileService.cs(154,63): warning CS8604: Possible null reference argument for parameter 'path2' in 'string Path.Combine(string path1, string path2)'. [J:\Studing\some projects\IdentityProject\Identity\Identity.CORE\MyShop.CORE.csproj]
J:\Studing\some projects\IdentityProject\Identity\Identity.CORE\Implmentations\ProfileService.cs(171,29): warning CS8602: Dereference of a possibly null reference. [J:\Studing\some projects\IdentityProject\Identity\Identity.CORE\MyShop.CORE.csproj]
J:\Studing\some projects\IdentityProject\Identity\Identity.CORE\Implmentations\ProfileService.cs(185,29): warning CS8602: Dereference of a possibly null reference. [J:\Studing\some projects\IdentityProject\Identity\Identity.CORE\MyShop.CORE.csproj]
J:\Studing\some projects\IdentityProject\Identity\Identity.CORE\Implmentations\Auth\AuthService.cs(263,30): warning CS0168: The variable 'ex' is declared but never used [J:\Studing\some projects\IdentityProject\Identity\Identity.CORE\MyShop.CORE.csproj]
J:\Studing\some projects\IdentityProject\Identity\Identity.CORE\Dtos\Wish\WishResponseDto.cs(16,27): warning CS8618: Non-nullable property 'Product' must contain a non-null value when exiting constructor. Consider adding the 'required' modifier or declaring the property as nullable. [J:\Studing\some projects\IdentityProject\Identity\Identity.CORE\MyShop.CORE.csproj]
J:\Studing\some projects\IdentityProject\Identity\Identity.CORE\AutoMapping\UserProfile.cs(23,64): warning CS8602: Dereference of a possibly null reference. [J:\Studing\some projects\IdentityProject\Identity\Identity.CORE\MyShop.CORE.csproj]
J:\Studing\some projects\IdentityProject\Identity\Identity.CORE\Implmentations\ProductService.cs(103,39): warning CS8602: Dereference of a possibly null reference. [J:\Studing\some projects\IdentityProject\Identity\Identity.CORE\MyShop.CORE.csproj]
J:\Studing\some projects\IdentityProject\Identity\Identity.CORE\Implmentations\ProductService.cs(243,36): warning CS8601: Possible null reference assignment. [J:\Studing\some projects\IdentityProject\Identity\Identity.CORE\MyShop.CORE.csproj]
J:\Studing\some projects\IdentityProject\Identity\Identity.CORE\Implmentations\ProductService.cs(288,23): warning CS8601: Possible null reference assignment. [J:\Studing\some projects\IdentityProject\Identity\Identity.CORE\MyShop.CORE.csproj]
J:\Studing\some projects\IdentityProject\Identity\Identity.CORE\Entities\WishList.cs(15,24): warning CS8618: Non-nullable property 'Product' must contain a non-null value when exiting constructor. Consider adding the 'required' modifier or declaring the property as nullable. [J:\Studing\some projects\IdentityProject\Identity\Identity.CORE\MyShop.CORE.csproj]
J:\Studing\some projects\IdentityProject\Identity\Identity.CORE\Entities\VariantAttribute.cs(17,31): warning CS8618: Non-nullable property 'ProductVariant' must contain a non-null value when exiting constructor. Consider adding the 'required' modifier or declaring the property as nullable. [J:\Studing\some projects\IdentityProject\Identity\Identity.CORE\MyShop.CORE.csproj]
J:\Studing\some projects\IdentityProject\Identity\Identity.CORE\Entities\VariantAttribute.cs(20,26): warning CS8618: Non-nullable property 'Attribute' must contain a non-null value when exiting constructor. Consider adding the 'required' modifier or declaring the property as nullable. [J:\Studing\some projects\IdentityProject\Identity\Identity.CORE\MyShop.CORE.csproj]
J:\Studing\some projects\IdentityProject\Identity\Identity.CORE\Dtos\Order\OrderResponseDto.cs(16,23): warning CS8618: Non-nullable property 'BuyerName' must contain a non-null value when exiting constructor. Consider adding the 'required' modifier or declaring the property as nullable. [J:\Studing\some projects\IdentityProject\Identity\Identity.CORE\MyShop.CORE.csproj]
J:\Studing\some projects\IdentityProject\Identity\Identity.CORE\Dtos\Order\OrderResponseDto.cs(17,23): warning CS8618: Non-nullable property 'BuyerEmail' must contain a non-null value when exiting constructor. Consider adding the 'required' modifier or declaring the property as nullable. [J:\Studing\some projects\IdentityProject\Identity\Identity.CORE\MyShop.CORE.csproj]
J:\Studing\some projects\IdentityProject\Identity\Identity.CORE\Dtos\Order\OrderResponseDto.cs(18,23): warning CS8618: Non-nullable property 'BuyerPhone' must contain a non-null value when exiting constructor. Consider adding the 'required' modifier or declaring the property as nullable. [J:\Studing\some projects\IdentityProject\Identity\Identity.CORE\MyShop.CORE.csproj]
J:\Studing\some projects\IdentityProject\Identity\Identity.CORE\AutoMapping\CartProfile.cs(22,23): warning CS8602: Dereference of a possibly null reference. [J:\Studing\some projects\IdentityProject\Identity\Identity.CORE\MyShop.CORE.csproj]
J:\Studing\some projects\IdentityProject\Identity\Identity.CORE\Entities\Attribute.cs(13,23): warning CS8618: Non-nullable property 'DataType' must contain a non-null value when exiting constructor. Consider adding the 'required' modifier or declaring the property as nullable. [J:\Studing\some projects\IdentityProject\Identity\Identity.CORE\MyShop.CORE.csproj]
J:\Studing\some projects\IdentityProject\Identity\Identity.CORE\Entities\CartItem.cs(18,31): warning CS8618: Non-nullable property 'ProductVariant' must contain a non-null value when exiting constructor. Consider adding the 'required' modifier or declaring the property as nullable. [J:\Studing\some projects\IdentityProject\Identity\Identity.CORE\MyShop.CORE.csproj]
J:\Studing\some projects\IdentityProject\Identity\Identity.CORE\Entities\CartItem.cs(22,25): warning CS8618: Non-nullable property 'Customer' must contain a non-null value when exiting constructor. Consider adding the 'required' modifier or declaring the property as nullable. [J:\Studing\some projects\IdentityProject\Identity\Identity.CORE\MyShop.CORE.csproj]
J:\Studing\some projects\IdentityProject\Identity\Identity.CORE\Entities\Coupon.cs(15,23): warning CS8618: Non-nullable property 'CouponCode' must contain a non-null value when exiting constructor. Consider adding the 'required' modifier or declaring the property as nullable. [J:\Studing\some projects\IdentityProject\Identity\Identity.CORE\MyShop.CORE.csproj]
J:\Studing\some projects\IdentityProject\Identity\Identity.CORE\Entities\Customer.cs(18,32): warning CS8618: Non-nullable property 'User' must contain a non-null value when exiting constructor. Consider adding the 'required' modifier or declaring the property as nullable. [J:\Studing\some projects\IdentityProject\Identity\Identity.CORE\MyShop.CORE.csproj]
J:\Studing\some projects\IdentityProject\Identity\Identity.CORE\Entities\OrderEntities\OrderItem.cs(17,22): warning CS8618: Non-nullable property 'Order' must contain a non-null value when exiting constructor. Consider adding the 'required' modifier or declaring the property as nullable. [J:\Studing\some projects\IdentityProject\Identity\Identity.CORE\MyShop.CORE.csproj]
J:\Studing\some projects\IdentityProject\Identity\Identity.CORE\Entities\OrderEntities\OrderItem.cs(23,23): warning CS8618: Non-nullable property 'ProductName' must contain a non-null value when exiting constructor. Consider adding the 'required' modifier or declaring the property as nullable. [J:\Studing\some projects\IdentityProject\Identity\Identity.CORE\MyShop.CORE.csproj]
J:\Studing\some projects\IdentityProject\Identity\Identity.CORE\Entities\OrderEntities\Order.cs(19,25): warning CS8618: Non-nullable property 'Customer' must contain a non-null value when exiting constructor. Consider adding the 'required' modifier or declaring the property as nullable. [J:\Studing\some projects\IdentityProject\Identity\Identity.CORE\MyShop.CORE.csproj]
J:\Studing\some projects\IdentityProject\Identity\Identity.CORE\Entities\OrderEntities\Order.cs(22,23): warning CS8618: Non-nullable property 'Seller' must contain a non-null value when exiting constructor. Consider adding the 'required' modifier or declaring the property as nullable. [J:\Studing\some projects\IdentityProject\Identity\Identity.CORE\MyShop.CORE.csproj]
J:\Studing\some projects\IdentityProject\Identity\Identity.CORE\Entities\OrderEntities\Order.cs(25,23): warning CS8618: Non-nullable property 'BuyerName' must contain a non-null value when exiting constructor. Consider adding the 'required' modifier or declaring the property as nullable. [J:\Studing\some projects\IdentityProject\Identity\Identity.CORE\MyShop.CORE.csproj]
J:\Studing\some projects\IdentityProject\Identity\Identity.CORE\Entities\OrderEntities\Order.cs(26,23): warning CS8618: Non-nullable property 'BuyerEmail' must contain a non-null value when exiting constructor. Consider adding the 'required' modifier or declaring the property as nullable. [J:\Studing\some projects\IdentityProject\Identity\Identity.CORE\MyShop.CORE.csproj]
J:\Studing\some projects\IdentityProject\Identity\Identity.CORE\Entities\OrderEntities\Order.cs(27,23): warning CS8618: Non-nullable property 'BuyerPhone' must contain a non-null value when exiting constructor. Consider adding the 'required' modifier or declaring the property as nullable. [J:\Studing\some projects\IdentityProject\Identity\Identity.CORE\MyShop.CORE.csproj]
J:\Studing\some projects\IdentityProject\Identity\Identity.CORE\Entities\OrderEntities\Order.cs(29,23): warning CS8618: Non-nullable property 'Street' must contain a non-null value when exiting constructor. Consider adding the 'required' modifier or declaring the property as nullable. [J:\Studing\some projects\IdentityProject\Identity\Identity.CORE\MyShop.CORE.csproj]
J:\Studing\some projects\IdentityProject\Identity\Identity.CORE\Implmentations\ProductService.cs(403,32): warning CS8601: Possible null reference assignment. [J:\Studing\some projects\IdentityProject\Identity\Identity.CORE\MyShop.CORE.csproj]
J:\Studing\some projects\IdentityProject\Identity\Identity.CORE\Implmentations\ProductService.cs(404,63): warning CS8604: Possible null reference argument for parameter 'path2' in 'string Path.Combine(string path1, string path2)'. [J:\Studing\some projects\IdentityProject\Identity\Identity.CORE\MyShop.CORE.csproj]
J:\Studing\some projects\IdentityProject\Identity\Identity.CORE\Entities\Product.cs(23,23): warning CS8618: Non-nullable property 'Supplier' must contain a non-null value when exiting constructor. Consider adding the 'required' modifier or declaring the property as nullable. [J:\Studing\some projects\IdentityProject\Identity\Identity.CORE\MyShop.CORE.csproj]
J:\Studing\some projects\IdentityProject\Identity\Identity.CORE\Entities\Product.cs(26,25): warning CS8618: Non-nullable property 'Category' must contain a non-null value when exiting constructor. Consider adding the 'required' modifier or declaring the property as nullable. [J:\Studing\some projects\IdentityProject\Identity\Identity.CORE\MyShop.CORE.csproj]
J:\Studing\some projects\IdentityProject\Identity\Identity.CORE\Entities\ProductCoupon.cs(15,31): warning CS8618: Non-nullable property 'ProductVariant' must contain a non-null value when exiting constructor. Consider adding the 'required' modifier or declaring the property as nullable. [J:\Studing\some projects\IdentityProject\Identity\Identity.CORE\MyShop.CORE.csproj]
J:\Studing\some projects\IdentityProject\Identity\Identity.CORE\Entities\ProductCoupon.cs(18,23): warning CS8618: Non-nullable property 'Coupon' must contain a non-null value when exiting constructor. Consider adding the 'required' modifier or declaring the property as nullable. [J:\Studing\some projects\IdentityProject\Identity\Identity.CORE\MyShop.CORE.csproj]
J:\Studing\some projects\IdentityProject\Identity\Identity.CORE\Entities\ProductPhoto.cs(17,24): warning CS8618: Non-nullable property 'Product' must contain a non-null value when exiting constructor. Consider adding the 'required' modifier or declaring the property as nullable. [J:\Studing\some projects\IdentityProject\Identity\Identity.CORE\MyShop.CORE.csproj]
J:\Studing\some projects\IdentityProject\Identity\Identity.CORE\Entities\ProductVariant.cs(17,24): warning CS8618: Non-nullable property 'Product' must contain a non-null value when exiting constructor. Consider adding the 'required' modifier or declaring the property as nullable. [J:\Studing\some projects\IdentityProject\Identity\Identity.CORE\MyShop.CORE.csproj]
J:\Studing\some projects\IdentityProject\Identity\Identity.CORE\Entities\ProductVariant.cs(18,23): warning CS8618: Non-nullable property 'SKU' must contain a non-null value when exiting constructor. Consider adding the 'required' modifier or declaring the property as nullable. [J:\Studing\some projects\IdentityProject\Identity\Identity.CORE\MyShop.CORE.csproj]
J:\Studing\some projects\IdentityProject\Identity\Identity.CORE\Entities\Review.cs(16,24): warning CS8618: Non-nullable property 'Product' must contain a non-null value when exiting constructor. Consider adding the 'required' modifier or declaring the property as nullable. [J:\Studing\some projects\IdentityProject\Identity\Identity.CORE\MyShop.CORE.csproj]
J:\Studing\some projects\IdentityProject\Identity\Identity.CORE\Entities\Review.cs(19,25): warning CS8618: Non-nullable property 'Customer' must contain a non-null value when exiting constructor. Consider adding the 'required' modifier or declaring the property as nullable. [J:\Studing\some projects\IdentityProject\Identity\Identity.CORE\MyShop.CORE.csproj]
J:\Studing\some projects\IdentityProject\Identity\Identity.CORE\Entities\Seller.cs(18,32): warning CS8618: Non-nullable property 'User' must contain a non-null value when exiting constructor. Consider adding the 'required' modifier or declaring the property as nullable. [J:\Studing\some projects\IdentityProject\Identity\Identity.CORE\MyShop.CORE.csproj]
J:\Studing\some projects\IdentityProject\Identity\Identity.CORE\Entities\UserCoupon.cs(18,25): warning CS8618: Non-nullable property 'Customer' must contain a non-null value when exiting constructor. Consider adding the 'required' modifier or declaring the property as nullable. [J:\Studing\some projects\IdentityProject\Identity\Identity.CORE\MyShop.CORE.csproj]
J:\Studing\some projects\IdentityProject\Identity\Identity.CORE\Entities\UserCoupon.cs(21,23): warning CS8618: Non-nullable property 'Coupon' must contain a non-null value when exiting constructor. Consider adding the 'required' modifier or declaring the property as nullable. [J:\Studing\some projects\IdentityProject\Identity\Identity.CORE\MyShop.CORE.csproj]
J:\Studing\some projects\IdentityProject\Identity\Identity.CORE\Entities\UserPhoto.cs(20,32): warning CS8618: Non-nullable property 'User' must contain a non-null value when exiting constructor. Consider adding the 'required' modifier or declaring the property as nullable. [J:\Studing\some projects\IdentityProject\Identity\Identity.CORE\MyShop.CORE.csproj]
J:\Studing\some projects\IdentityProject\Identity\Identity.CORE\Implmentations\OrderService.cs(56,51): warning CS8600: Converting null literal or possible null value to non-nullable type. [J:\Studing\some projects\IdentityProject\Identity\Identity.CORE\MyShop.CORE.csproj]
J:\Studing\some projects\IdentityProject\Identity\Identity.CORE\Implmentations\OrderService.cs(114,73): warning CS8629: Nullable value type may be null. [J:\Studing\some projects\IdentityProject\Identity\Identity.CORE\MyShop.CORE.csproj]
J:\Studing\some projects\IdentityProject\Identity\Identity.CORE\Dtos\Order\AddOrderDto.cs(15,23): warning CS8618: Non-nullable property 'PhoneNumber' must contain a non-null value when exiting constructor. Consider adding the 'required' modifier or declaring the property as nullable. [J:\Studing\some projects\IdentityProject\Identity\Identity.CORE\MyShop.CORE.csproj]
J:\Studing\some projects\IdentityProject\Identity\Identity.CORE\Helpers\BaseResponse.cs(12,16): warning CS8618: Non-nullable property 'Data' must contain a non-null value when exiting constructor. Consider adding the 'required' modifier or declaring the property as nullable. [J:\Studing\some projects\IdentityProject\Identity\Identity.CORE\MyShop.CORE.csproj]
J:\Studing\some projects\IdentityProject\Identity\Identity.CORE\Helpers\BaseResponse.cs(12,16): warning CS8618: Non-nullable property 'ResponseMessage' must contain a non-null value when exiting constructor. Consider adding the 'required' modifier or declaring the property as nullable. [J:\Studing\some projects\IdentityProject\Identity\Identity.CORE\MyShop.CORE.csproj]
J:\Studing\some projects\IdentityProject\Identity\Identity.CORE\Helpers\BaseResponse.cs(31,16): warning CS8618: Non-nullable property 'Data' must contain a non-null value when exiting constructor. Consider adding the 'required' modifier or declaring the property as nullable. [J:\Studing\some projects\IdentityProject\Identity\Identity.CORE\MyShop.CORE.csproj]
J:\Studing\some projects\IdentityProject\Identity\Identity.CORE\Implmentations\FileService.cs(55,36): warning CS8604: Possible null reference argument for parameter 'item' in 'void List<string>.Add(string item)'. [J:\Studing\some projects\IdentityProject\Identity\Identity.CORE\MyShop.CORE.csproj]
J:\Studing\some projects\IdentityProject\Identity\Identity.CORE\Dtos\Category\AddCategoryDto.cs(11,23): warning CS8618: Non-nullable property 'Name' must contain a non-null value when exiting constructor. Consider adding the 'required' modifier or declaring the property as nullable. [J:\Studing\some projects\IdentityProject\Identity\Identity.CORE\MyShop.CORE.csproj]
J:\Studing\some projects\IdentityProject\Identity\Identity.CORE\Identity\RefreshToken.cs(15,32): warning CS8618: Non-nullable property 'User' must contain a non-null value when exiting constructor. Consider adding the 'required' modifier or declaring the property as nullable. [J:\Studing\some projects\IdentityProject\Identity\Identity.CORE\MyShop.CORE.csproj]
J:\Studing\some projects\IdentityProject\Identity\Identity.CORE\Implmentations\OrderService.cs(46,66): error CS0019: Operator '==' cannot be applied to operands of type 'Guid' and 'string' [J:\Studing\some projects\IdentityProject\Identity\Identity.CORE\MyShop.CORE.csproj]
J:\Studing\some projects\IdentityProject\Identity\Identity.CORE\Implmentations\OrderService.cs(49,161): error CS0117: 'CartItem' does not contain a definition for 'Product' [J:\Studing\some projects\IdentityProject\Identity\Identity.CORE\MyShop.CORE.csproj]
J:\Studing\some projects\IdentityProject\Identity\Identity.CORE\Implmentations\OrderService.cs(54,42): error CS1061: 'CartItem' does not contain a definition for 'Product' and no accessible extension method 'Product' accepting a first argument of type 'CartItem' could be found (are you missing a using directive or an assembly reference?) [J:\Studing\some projects\IdentityProject\Identity\Identity.CORE\MyShop.CORE.csproj]
J:\Studing\some projects\IdentityProject\Identity\Identity.CORE\Implmentations\OrderService.cs(62,98): error CS1061: 'CouponDto' does not contain a definition for 'CouponCode' and no accessible extension method 'CouponCode' accepting a first argument of type 'CouponDto' could be found (are you missing a using directive or an assembly reference?) [J:\Studing\some projects\IdentityProject\Identity\Identity.CORE\MyShop.CORE.csproj]
J:\Studing\some projects\IdentityProject\Identity\Identity.CORE\Implmentations\OrderService.cs(76,30): error CS1061: 'CartItem' does not contain a definition for 'Product' and no accessible extension method 'Product' accepting a first argument of type 'CartItem' could be found (are you missing a using directive or an assembly reference?) [J:\Studing\some projects\IdentityProject\Identity\Identity.CORE\MyShop.CORE.csproj]
J:\Studing\some projects\IdentityProject\Identity\Identity.CORE\Implmentations\OrderService.cs(78,50): error CS1061: 'CartItem' does not contain a definition for 'Product' and no accessible extension method 'Product' accepting a first argument of type 'CartItem' could be found (are you missing a using directive or an assembly reference?) [J:\Studing\some projects\IdentityProject\Identity\Identity.CORE\MyShop.CORE.csproj]
J:\Studing\some projects\IdentityProject\Identity\Identity.CORE\Implmentations\OrderService.cs(81,140): error CS1061: 'CartItem' does not contain a definition for 'ProductId' and no accessible extension method 'ProductId' accepting a first argument of type 'CartItem' could be found (are you missing a using directive or an assembly reference?) [J:\Studing\some projects\IdentityProject\Identity\Identity.CORE\MyShop.CORE.csproj]
J:\Studing\some projects\IdentityProject\Identity\Identity.CORE\Implmentations\OrderService.cs(88,42): error CS1061: 'CartItem' does not contain a definition for 'ProductId' and no accessible extension method 'ProductId' accepting a first argument of type 'CartItem' could be found (are you missing a using directive or an assembly reference?) [J:\Studing\some projects\IdentityProject\Identity\Identity.CORE\MyShop.CORE.csproj]
J:\Studing\some projects\IdentityProject\Identity\Identity.CORE\Implmentations\OrderService.cs(91,44): error CS1061: 'CartItem' does not contain a definition for 'Product' and no accessible extension method 'Product' accepting a first argument of type 'CartItem' could be found (are you missing a using directive or an assembly reference?) [J:\Studing\some projects\IdentityProject\Identity\Identity.CORE\MyShop.CORE.csproj]
J:\Studing\some projects\IdentityProject\Identity\Identity.CORE\Implmentations\OrderService.cs(92,21): error CS0117: 'OrderItem' does not contain a definition for 'ProductDescription' [J:\Studing\some projects\IdentityProject\Identity\Identity.CORE\MyShop.CORE.csproj]
J:\Studing\some projects\IdentityProject\Identity\Identity.CORE\Implmentations\OrderService.cs(92,51): error CS1061: 'CartItem' does not contain a definition for 'Product' and no accessible extension method 'Product' accepting a first argument of type 'CartItem' could be found (are you missing a using directive or an assembly reference?) [J:\Studing\some projects\IdentityProject\Identity\Identity.CORE\MyShop.CORE.csproj]
J:\Studing\some projects\IdentityProject\Identity\Identity.CORE\Implmentations\OrderService.cs(93,49): error CS1061: 'CartItem' does not contain a definition for 'Product' and no accessible extension method 'Product' accepting a first argument of type 'CartItem' could be found (are you missing a using directive or an assembly reference?) [J:\Studing\some projects\IdentityProject\Identity\Identity.CORE\MyShop.CORE.csproj]
J:\Studing\some projects\IdentityProject\Identity\Identity.CORE\Implmentations\OrderService.cs(94,21): error CS0117: 'OrderItem' does not contain a definition for 'ProductPhotoContentType' [J:\Studing\some projects\IdentityProject\Identity\Identity.CORE\MyShop.CORE.csproj]
J:\Studing\some projects\IdentityProject\Identity\Identity.CORE\Implmentations\OrderService.cs(94,56): error CS1061: 'CartItem' does not contain a definition for 'Product' and no accessible extension method 'Product' accepting a first argument of type 'CartItem' could be found (are you missing a using directive or an assembly reference?) [J:\Studing\some projects\IdentityProject\Identity\Identity.CORE\MyShop.CORE.csproj]
J:\Studing\some projects\IdentityProject\Identity\Identity.CORE\Implmentations\OrderService.cs(167,17): error CS0117: 'PageResult<OrderResponseDto>' does not contain a definition for 'TotalCount' [J:\Studing\some projects\IdentityProject\Identity\Identity.CORE\MyShop.CORE.csproj]
J:\Studing\some projects\IdentityProject\Identity\Identity.CORE\Implmentations\OrderService.cs(168,17): error CS0117: 'PageResult<OrderResponseDto>' does not contain a definition for 'PageNumber' [J:\Studing\some projects\IdentityProject\Identity\Identity.CORE\MyShop.CORE.csproj]
J:\Studing\some projects\IdentityProject\Identity\Identity.CORE\Implmentations\OrderService.cs(170,17): error CS0200: Property or indexer 'PageResult<OrderResponseDto>.TotalPages' cannot be assigned to -- it is read only [J:\Studing\some projects\IdentityProject\Identity\Identity.CORE\MyShop.CORE.csproj]
J:\Studing\some projects\IdentityProject\Identity\Identity.CORE\Implmentations\OrderService.cs(206,106): error CS0117: 'DeliveryStatusOptions' does not contain a definition for 'Cancelled' [J:\Studing\some projects\IdentityProject\Identity\Identity.CORE\MyShop.CORE.csproj]
J:\Studing\some projects\IdentityProject\Identity\Identity.CORE\Implmentations\OrderService.cs(211,50): error CS0117: 'DeliveryStatusOptions' does not contain a definition for 'Cancelled' [J:\Studing\some projects\IdentityProject\Identity\Identity.CORE\MyShop.CORE.csproj]
    63 Warning(s)
    19 Error(s)

Time Elapsed 00:00:02.16
