  Determining projects to restore...
  All projects are up-to-date for restore.
J:\Studing\some projects\IdentityProject\Identity\Identity.CORE\Helpers\BaseResponse.cs(16,62): warning CS8625: Cannot convert null literal to non-nullable reference type. [J:\Studing\some projects\IdentityProject\Identity\Identity.CORE\MyShop.CORE.csproj]
J:\Studing\some projects\IdentityProject\Identity\Identity.CORE\Helpers\BaseResponse.cs(23,78): warning CS8625: Cannot convert null literal to non-nullable reference type. [J:\Studing\some projects\IdentityProject\Identity\Identity.CORE\MyShop.CORE.csproj]
J:\Studing\some projects\IdentityProject\Identity\Identity.CORE\Helpers\BaseResponse.cs(31,65): warning CS8625: Cannot convert null literal to non-nullable reference type. [J:\Studing\some projects\IdentityProject\Identity\Identity.CORE\MyShop.CORE.csproj]
J:\Studing\some projects\IdentityProject\Identity\Identity.CORE\RepositoriyInterfaces\IBaseRepository.cs(19,73): warning CS8625: Cannot convert null literal to non-nullable reference type. [J:\Studing\some projects\IdentityProject\Identity\Identity.CORE\MyShop.CORE.csproj]
J:\Studing\some projects\IdentityProject\Identity\Identity.CORE\RepositoriyInterfaces\IBaseRepository.cs(20,85): warning CS8625: Cannot convert null literal to non-nullable reference type. [J:\Studing\some projects\IdentityProject\Identity\Identity.CORE\MyShop.CORE.csproj]
J:\Studing\some projects\IdentityProject\Identity\Identity.CORE\RepositoriyInterfaces\IBaseRepository.cs(22,138): warning CS8625: Cannot convert null literal to non-nullable reference type. [J:\Studing\some projects\IdentityProject\Identity\Identity.CORE\MyShop.CORE.csproj]
J:\Studing\some projects\IdentityProject\Identity\Identity.CORE\RepositoriyInterfaces\IBaseRepository.cs(24,138): warning CS8625: Cannot convert null literal to non-nullable reference type. [J:\Studing\some projects\IdentityProject\Identity\Identity.CORE\MyShop.CORE.csproj]
J:\Studing\some projects\IdentityProject\Identity\Identity.CORE\Dtos\Wish\WishResponseDto.cs(16,30): warning CS8618: Non-nullable property 'Product' must contain a non-null value when exiting constructor. Consider adding the 'required' modifier or declaring the property as nullable. [J:\Studing\some projects\IdentityProject\Identity\Identity.CORE\MyShop.CORE.csproj]
J:\Studing\some projects\IdentityProject\Identity\Identity.CORE\Dtos\CartItem\CartItemResponse.cs(14,30): warning CS8618: Non-nullable property 'Product' must contain a non-null value when exiting constructor. Consider adding the 'required' modifier or declaring the property as nullable. [J:\Studing\some projects\IdentityProject\Identity\Identity.CORE\MyShop.CORE.csproj]
J:\Studing\some projects\IdentityProject\Identity\Identity.CORE\Dtos\Category\AddCategoryDto.cs(11,23): warning CS8618: Non-nullable property 'Name' must contain a non-null value when exiting constructor. Consider adding the 'required' modifier or declaring the property as nullable. [J:\Studing\some projects\IdentityProject\Identity\Identity.CORE\MyShop.CORE.csproj]
J:\Studing\some projects\IdentityProject\Identity\Identity.CORE\Implmentations\WishService.cs(63,49): warning CS8604: Possible null reference argument for parameter 'userId' in 'Task<ApplicationUser?> UserManager<ApplicationUser>.FindByIdAsync(string userId)'. [J:\Studing\some projects\IdentityProject\Identity\Identity.CORE\MyShop.CORE.csproj]
J:\Studing\some projects\IdentityProject\Identity\Identity.CORE\Dtos\Order\OrderResponseDto.cs(16,23): warning CS8618: Non-nullable property 'BuyerName' must contain a non-null value when exiting constructor. Consider adding the 'required' modifier or declaring the property as nullable. [J:\Studing\some projects\IdentityProject\Identity\Identity.CORE\MyShop.CORE.csproj]
J:\Studing\some projects\IdentityProject\Identity\Identity.CORE\Dtos\Order\OrderResponseDto.cs(17,23): warning CS8618: Non-nullable property 'BuyerEmail' must contain a non-null value when exiting constructor. Consider adding the 'required' modifier or declaring the property as nullable. [J:\Studing\some projects\IdentityProject\Identity\Identity.CORE\MyShop.CORE.csproj]
J:\Studing\some projects\IdentityProject\Identity\Identity.CORE\Dtos\Order\OrderResponseDto.cs(18,23): warning CS8618: Non-nullable property 'BuyerPhone' must contain a non-null value when exiting constructor. Consider adding the 'required' modifier or declaring the property as nullable. [J:\Studing\some projects\IdentityProject\Identity\Identity.CORE\MyShop.CORE.csproj]
J:\Studing\some projects\IdentityProject\Identity\Identity.CORE\Dtos\Order\AddOrderDto.cs(15,23): warning CS8618: Non-nullable property 'PhoneNumber' must contain a non-null value when exiting constructor. Consider adding the 'required' modifier or declaring the property as nullable. [J:\Studing\some projects\IdentityProject\Identity\Identity.CORE\MyShop.CORE.csproj]
J:\Studing\some projects\IdentityProject\Identity\Identity.CORE\Dtos\User\UserProfileDto.cs(12,23): warning CS8618: Non-nullable property 'FirstName' must contain a non-null value when exiting constructor. Consider adding the 'required' modifier or declaring the property as nullable. [J:\Studing\some projects\IdentityProject\Identity\Identity.CORE\MyShop.CORE.csproj]
J:\Studing\some projects\IdentityProject\Identity\Identity.CORE\Dtos\User\UserProfileDto.cs(13,23): warning CS8618: Non-nullable property 'LastName' must contain a non-null value when exiting constructor. Consider adding the 'required' modifier or declaring the property as nullable. [J:\Studing\some projects\IdentityProject\Identity\Identity.CORE\MyShop.CORE.csproj]
J:\Studing\some projects\IdentityProject\Identity\Identity.CORE\Dtos\User\UserProfileDto.cs(16,26): warning CS8618: Non-nullable property 'userPhoto' must contain a non-null value when exiting constructor. Consider adding the 'required' modifier or declaring the property as nullable. [J:\Studing\some projects\IdentityProject\Identity\Identity.CORE\MyShop.CORE.csproj]
J:\Studing\some projects\IdentityProject\Identity\Identity.CORE\Entities\Wish.cs(15,24): warning CS8618: Non-nullable property 'Product' must contain a non-null value when exiting constructor. Consider adding the 'required' modifier or declaring the property as nullable. [J:\Studing\some projects\IdentityProject\Identity\Identity.CORE\MyShop.CORE.csproj]
J:\Studing\some projects\IdentityProject\Identity\Identity.CORE\Implmentations\UserService.cs(36,37): warning CS8601: Possible null reference assignment. [J:\Studing\some projects\IdentityProject\Identity\Identity.CORE\MyShop.CORE.csproj]
J:\Studing\some projects\IdentityProject\Identity\Identity.CORE\Entities\UserPhoto.cs(20,32): warning CS8618: Non-nullable property 'User' must contain a non-null value when exiting constructor. Consider adding the 'required' modifier or declaring the property as nullable. [J:\Studing\some projects\IdentityProject\Identity\Identity.CORE\MyShop.CORE.csproj]
J:\Studing\some projects\IdentityProject\Identity\Identity.CORE\Entities\Address.cs(17,32): warning CS8618: Non-nullable property 'ApplicationUser' must contain a non-null value when exiting constructor. Consider adding the 'required' modifier or declaring the property as nullable. [J:\Studing\some projects\IdentityProject\Identity\Identity.CORE\MyShop.CORE.csproj]
J:\Studing\some projects\IdentityProject\Identity\Identity.CORE\Entities\CartItem.cs(17,24): warning CS8618: Non-nullable property 'Product' must contain a non-null value when exiting constructor. Consider adding the 'required' modifier or declaring the property as nullable. [J:\Studing\some projects\IdentityProject\Identity\Identity.CORE\MyShop.CORE.csproj]
J:\Studing\some projects\IdentityProject\Identity\Identity.CORE\Entities\CartItem.cs(21,25): warning CS8618: Non-nullable property 'Customer' must contain a non-null value when exiting constructor. Consider adding the 'required' modifier or declaring the property as nullable. [J:\Studing\some projects\IdentityProject\Identity\Identity.CORE\MyShop.CORE.csproj]
J:\Studing\some projects\IdentityProject\Identity\Identity.CORE\Entities\Seller.cs(17,32): warning CS8618: Non-nullable property 'User' must contain a non-null value when exiting constructor. Consider adding the 'required' modifier or declaring the property as nullable. [J:\Studing\some projects\IdentityProject\Identity\Identity.CORE\MyShop.CORE.csproj]
J:\Studing\some projects\IdentityProject\Identity\Identity.CORE\Entities\Review.cs(16,24): warning CS8618: Non-nullable property 'Product' must contain a non-null value when exiting constructor. Consider adding the 'required' modifier or declaring the property as nullable. [J:\Studing\some projects\IdentityProject\Identity\Identity.CORE\MyShop.CORE.csproj]
J:\Studing\some projects\IdentityProject\Identity\Identity.CORE\Entities\Review.cs(19,25): warning CS8618: Non-nullable property 'Customer' must contain a non-null value when exiting constructor. Consider adding the 'required' modifier or declaring the property as nullable. [J:\Studing\some projects\IdentityProject\Identity\Identity.CORE\MyShop.CORE.csproj]
J:\Studing\some projects\IdentityProject\Identity\Identity.CORE\Entities\ProductPhoto.cs(17,24): warning CS8618: Non-nullable property 'Product' must contain a non-null value when exiting constructor. Consider adding the 'required' modifier or declaring the property as nullable. [J:\Studing\some projects\IdentityProject\Identity\Identity.CORE\MyShop.CORE.csproj]
J:\Studing\some projects\IdentityProject\Identity\Identity.CORE\Entities\ProductCoupon.cs(14,24): warning CS8618: Non-nullable property 'Product' must contain a non-null value when exiting constructor. Consider adding the 'required' modifier or declaring the property as nullable. [J:\Studing\some projects\IdentityProject\Identity\Identity.CORE\MyShop.CORE.csproj]
J:\Studing\some projects\IdentityProject\Identity\Identity.CORE\Entities\ProductCoupon.cs(17,23): warning CS8618: Non-nullable property 'Coupon' must contain a non-null value when exiting constructor. Consider adding the 'required' modifier or declaring the property as nullable. [J:\Studing\some projects\IdentityProject\Identity\Identity.CORE\MyShop.CORE.csproj]
J:\Studing\some projects\IdentityProject\Identity\Identity.CORE\Dtos\Product\AddProductDto.cs(13,23): warning CS8618: Non-nullable property 'Name' must contain a non-null value when exiting constructor. Consider adding the 'required' modifier or declaring the property as nullable. [J:\Studing\some projects\IdentityProject\Identity\Identity.CORE\MyShop.CORE.csproj]
J:\Studing\some projects\IdentityProject\Identity\Identity.CORE\Entities\Customer.cs(17,32): warning CS8618: Non-nullable property 'User' must contain a non-null value when exiting constructor. Consider adding the 'required' modifier or declaring the property as nullable. [J:\Studing\some projects\IdentityProject\Identity\Identity.CORE\MyShop.CORE.csproj]
J:\Studing\some projects\IdentityProject\Identity\Identity.CORE\Entities\Product.cs(26,23): warning CS8618: Non-nullable property 'Supplier' must contain a non-null value when exiting constructor. Consider adding the 'required' modifier or declaring the property as nullable. [J:\Studing\some projects\IdentityProject\Identity\Identity.CORE\MyShop.CORE.csproj]
J:\Studing\some projects\IdentityProject\Identity\Identity.CORE\Entities\Product.cs(29,25): warning CS8618: Non-nullable property 'Category' must contain a non-null value when exiting constructor. Consider adding the 'required' modifier or declaring the property as nullable. [J:\Studing\some projects\IdentityProject\Identity\Identity.CORE\MyShop.CORE.csproj]
J:\Studing\some projects\IdentityProject\Identity\Identity.CORE\Entities\OrderItem.cs(17,22): warning CS8618: Non-nullable property 'Order' must contain a non-null value when exiting constructor. Consider adding the 'required' modifier or declaring the property as nullable. [J:\Studing\some projects\IdentityProject\Identity\Identity.CORE\MyShop.CORE.csproj]
J:\Studing\some projects\IdentityProject\Identity\Identity.CORE\Entities\OrderItem.cs(20,24): warning CS8618: Non-nullable property 'Product' must contain a non-null value when exiting constructor. Consider adding the 'required' modifier or declaring the property as nullable. [J:\Studing\some projects\IdentityProject\Identity\Identity.CORE\MyShop.CORE.csproj]
J:\Studing\some projects\IdentityProject\Identity\Identity.CORE\Entities\OrderItem.cs(23,23): warning CS8618: Non-nullable property 'ProductName' must contain a non-null value when exiting constructor. Consider adding the 'required' modifier or declaring the property as nullable. [J:\Studing\some projects\IdentityProject\Identity\Identity.CORE\MyShop.CORE.csproj]
J:\Studing\some projects\IdentityProject\Identity\Identity.CORE\Entities\Order.cs(18,25): warning CS8618: Non-nullable property 'Customer' must contain a non-null value when exiting constructor. Consider adding the 'required' modifier or declaring the property as nullable. [J:\Studing\some projects\IdentityProject\Identity\Identity.CORE\MyShop.CORE.csproj]
J:\Studing\some projects\IdentityProject\Identity\Identity.CORE\Entities\Order.cs(21,23): warning CS8618: Non-nullable property 'Seller' must contain a non-null value when exiting constructor. Consider adding the 'required' modifier or declaring the property as nullable. [J:\Studing\some projects\IdentityProject\Identity\Identity.CORE\MyShop.CORE.csproj]
J:\Studing\some projects\IdentityProject\Identity\Identity.CORE\Entities\Order.cs(23,23): warning CS8618: Non-nullable property 'BuyerName' must contain a non-null value when exiting constructor. Consider adding the 'required' modifier or declaring the property as nullable. [J:\Studing\some projects\IdentityProject\Identity\Identity.CORE\MyShop.CORE.csproj]
J:\Studing\some projects\IdentityProject\Identity\Identity.CORE\Entities\Order.cs(24,23): warning CS8618: Non-nullable property 'BuyerEmail' must contain a non-null value when exiting constructor. Consider adding the 'required' modifier or declaring the property as nullable. [J:\Studing\some projects\IdentityProject\Identity\Identity.CORE\MyShop.CORE.csproj]
J:\Studing\some projects\IdentityProject\Identity\Identity.CORE\Entities\Order.cs(25,23): warning CS8618: Non-nullable property 'BuyerPhone' must contain a non-null value when exiting constructor. Consider adding the 'required' modifier or declaring the property as nullable. [J:\Studing\some projects\IdentityProject\Identity\Identity.CORE\MyShop.CORE.csproj]
J:\Studing\some projects\IdentityProject\Identity\Identity.CORE\Entities\Order.cs(27,23): warning CS8618: Non-nullable property 'Street' must contain a non-null value when exiting constructor. Consider adding the 'required' modifier or declaring the property as nullable. [J:\Studing\some projects\IdentityProject\Identity\Identity.CORE\MyShop.CORE.csproj]
J:\Studing\some projects\IdentityProject\Identity\Identity.CORE\Helpers\BaseResponse.cs(12,16): warning CS8618: Non-nullable property 'Data' must contain a non-null value when exiting constructor. Consider adding the 'required' modifier or declaring the property as nullable. [J:\Studing\some projects\IdentityProject\Identity\Identity.CORE\MyShop.CORE.csproj]
J:\Studing\some projects\IdentityProject\Identity\Identity.CORE\Helpers\BaseResponse.cs(12,16): warning CS8618: Non-nullable property 'ResponseMessage' must contain a non-null value when exiting constructor. Consider adding the 'required' modifier or declaring the property as nullable. [J:\Studing\some projects\IdentityProject\Identity\Identity.CORE\MyShop.CORE.csproj]
J:\Studing\some projects\IdentityProject\Identity\Identity.CORE\Helpers\BaseResponse.cs(31,16): warning CS8618: Non-nullable property 'Data' must contain a non-null value when exiting constructor. Consider adding the 'required' modifier or declaring the property as nullable. [J:\Studing\some projects\IdentityProject\Identity\Identity.CORE\MyShop.CORE.csproj]
J:\Studing\some projects\IdentityProject\Identity\Identity.CORE\Dtos\Product\DeleteProductDto.cs(12,23): warning CS8618: Non-nullable property 'Name' must contain a non-null value when exiting constructor. Consider adding the 'required' modifier or declaring the property as nullable. [J:\Studing\some projects\IdentityProject\Identity\Identity.CORE\MyShop.CORE.csproj]
J:\Studing\some projects\IdentityProject\Identity\Identity.CORE\Dtos\Product\GetProductDto.cs(23,23): warning CS8618: Non-nullable property 'SupplierName' must contain a non-null value when exiting constructor. Consider adding the 'required' modifier or declaring the property as nullable. [J:\Studing\some projects\IdentityProject\Identity\Identity.CORE\MyShop.CORE.csproj]
J:\Studing\some projects\IdentityProject\Identity\Identity.CORE\Dtos\Product\GetProductDto.cs(24,23): warning CS8618: Non-nullable property 'Category' must contain a non-null value when exiting constructor. Consider adding the 'required' modifier or declaring the property as nullable. [J:\Studing\some projects\IdentityProject\Identity\Identity.CORE\MyShop.CORE.csproj]
J:\Studing\some projects\IdentityProject\Identity\Identity.CORE\Implmentations\ReviewService.cs(41,66): warning CS8604: Possible null reference argument for parameter 'user' in 'Task<bool> UserManager<ApplicationUser>.IsInRoleAsync(ApplicationUser user, string role)'. [J:\Studing\some projects\IdentityProject\Identity\Identity.CORE\MyShop.CORE.csproj]
J:\Studing\some projects\IdentityProject\Identity\Identity.CORE\Implmentations\Auth\AuthService.cs(247,30): warning CS0168: The variable 'ex' is declared but never used [J:\Studing\some projects\IdentityProject\Identity\Identity.CORE\MyShop.CORE.csproj]
J:\Studing\some projects\IdentityProject\Identity\Identity.CORE\Implmentations\CartService.cs(54,17): warning CS8602: Dereference of a possibly null reference. [J:\Studing\some projects\IdentityProject\Identity\Identity.CORE\MyShop.CORE.csproj]
J:\Studing\some projects\IdentityProject\Identity\Identity.CORE\Implmentations\FileService.cs(55,36): warning CS8604: Possible null reference argument for parameter 'item' in 'void List<string>.Add(string item)'. [J:\Studing\some projects\IdentityProject\Identity\Identity.CORE\MyShop.CORE.csproj]
J:\Studing\some projects\IdentityProject\Identity\Identity.CORE\Implmentations\ProductService.cs(185,95): warning CS8604: Possible null reference argument for parameter 'userId' in 'Task<ApplicationUser?> UserManager<ApplicationUser>.FindByIdAsync(string userId)'. [J:\Studing\some projects\IdentityProject\Identity\Identity.CORE\MyShop.CORE.csproj]
J:\Studing\some projects\IdentityProject\Identity\Identity.CORE\Implmentations\PhotoService.cs(48,32): warning CS8601: Possible null reference assignment. [J:\Studing\some projects\IdentityProject\Identity\Identity.CORE\MyShop.CORE.csproj]
J:\Studing\some projects\IdentityProject\Identity\Identity.CORE\Implmentations\PhotoService.cs(49,70): warning CS8604: Possible null reference argument for parameter 'path2' in 'string Path.Combine(string path1, string path2)'. [J:\Studing\some projects\IdentityProject\Identity\Identity.CORE\MyShop.CORE.csproj]
J:\Studing\some projects\IdentityProject\Identity\Identity.CORE\Implmentations\PhotoService.cs(88,28): warning CS8601: Possible null reference assignment. [J:\Studing\some projects\IdentityProject\Identity\Identity.CORE\MyShop.CORE.csproj]
J:\Studing\some projects\IdentityProject\Identity\Identity.CORE\Implmentations\PhotoService.cs(89,63): warning CS8604: Possible null reference argument for parameter 'path2' in 'string Path.Combine(string path1, string path2)'. [J:\Studing\some projects\IdentityProject\Identity\Identity.CORE\MyShop.CORE.csproj]
J:\Studing\some projects\IdentityProject\Identity\Identity.CORE\Implmentations\PhotoService.cs(111,45): warning CS8604: Possible null reference argument for parameter 'fileName' in 'Result<string> IFileService.GetFilePath(string fileName, string folderName)'. [J:\Studing\some projects\IdentityProject\Identity\Identity.CORE\MyShop.CORE.csproj]
J:\Studing\some projects\IdentityProject\Identity\Identity.CORE\Implmentations\PhotoService.cs(116,45): warning CS8604: Possible null reference argument for parameter 'fileName' in 'Result<string> IFileService.GetFilePath(string fileName, string folderName)'. [J:\Studing\some projects\IdentityProject\Identity\Identity.CORE\MyShop.CORE.csproj]
J:\Studing\some projects\IdentityProject\Identity\Identity.CORE\Implmentations\OrderService.cs(57,75): warning CS8600: Converting null literal or possible null value to non-nullable type. [J:\Studing\some projects\IdentityProject\Identity\Identity.CORE\MyShop.CORE.csproj]
J:\Studing\some projects\IdentityProject\Identity\Identity.CORE\Implmentations\OrderService.cs(63,41): warning CS8600: Converting null literal or possible null value to non-nullable type. [J:\Studing\some projects\IdentityProject\Identity\Identity.CORE\MyShop.CORE.csproj]
J:\Studing\some projects\IdentityProject\Identity\Identity.CORE\Implmentations\OrderService.cs(67,61): warning CS8602: Dereference of a possibly null reference. [J:\Studing\some projects\IdentityProject\Identity\Identity.CORE\MyShop.CORE.csproj]
J:\Studing\some projects\IdentityProject\Identity\Identity.CORE\Implmentations\OrderService.cs(107,33): warning CS8601: Possible null reference assignment. [J:\Studing\some projects\IdentityProject\Identity\Identity.CORE\MyShop.CORE.csproj]
J:\Studing\some projects\IdentityProject\Identity\Identity.CORE\Implmentations\OrderService.cs(115,68): warning CS8629: Nullable value type may be null. [J:\Studing\some projects\IdentityProject\Identity\Identity.CORE\MyShop.CORE.csproj]
  MyShop.CORE -> J:\Studing\some projects\IdentityProject\Identity\Identity.CORE\bin\Debug\net9.0\MyShop.CORE.dll
J:\Studing\some projects\IdentityProject\Identity\Identity.INFRASTRUCTURE\Migrations\20260201214344_init.cs(9,26): warning CS8981: The type name 'init' only contains lower-cased ascii characters. Such names may become reserved for the language. [J:\Studing\some projects\IdentityProject\Identity\Identity.INFRASTRUCTURE\MyShop.INFRASTRUCTURE.csproj]
J:\Studing\some projects\IdentityProject\Identity\Identity.INFRASTRUCTURE\Migrations\20260201214344_init.Designer.cs(16,19): warning CS8981: The type name 'init' only contains lower-cased ascii characters. Such names may become reserved for the language. [J:\Studing\some projects\IdentityProject\Identity\Identity.INFRASTRUCTURE\MyShop.INFRASTRUCTURE.csproj]
J:\Studing\some projects\IdentityProject\Identity\Identity.INFRASTRUCTURE\Migrations\20260202224733_userphotorelation.cs(9,26): warning CS8981: The type name 'userphotorelation' only contains lower-cased ascii characters. Such names may become reserved for the language. [J:\Studing\some projects\IdentityProject\Identity\Identity.INFRASTRUCTURE\MyShop.INFRASTRUCTURE.csproj]
J:\Studing\some projects\IdentityProject\Identity\Identity.INFRASTRUCTURE\Migrations\20260202224733_userphotorelation.Designer.cs(16,19): warning CS8981: The type name 'userphotorelation' only contains lower-cased ascii characters. Such names may become reserved for the language. [J:\Studing\some projects\IdentityProject\Identity\Identity.INFRASTRUCTURE\MyShop.INFRASTRUCTURE.csproj]
J:\Studing\some projects\IdentityProject\Identity\Identity.INFRASTRUCTURE\Migrations\20260202231548_edit.cs(8,26): warning CS8981: The type name 'edit' only contains lower-cased ascii characters. Such names may become reserved for the language. [J:\Studing\some projects\IdentityProject\Identity\Identity.INFRASTRUCTURE\MyShop.INFRASTRUCTURE.csproj]
J:\Studing\some projects\IdentityProject\Identity\Identity.INFRASTRUCTURE\Migrations\20260202231548_edit.Designer.cs(16,19): warning CS8981: The type name 'edit' only contains lower-cased ascii characters. Such names may become reserved for the language. [J:\Studing\some projects\IdentityProject\Identity\Identity.INFRASTRUCTURE\MyShop.INFRASTRUCTURE.csproj]
J:\Studing\some projects\IdentityProject\Identity\Identity.INFRASTRUCTURE\Migrations\20260202231742_editt.cs(8,26): warning CS8981: The type name 'editt' only contains lower-cased ascii characters. Such names may become reserved for the language. [J:\Studing\some projects\IdentityProject\Identity\Identity.INFRASTRUCTURE\MyShop.INFRASTRUCTURE.csproj]
J:\Studing\some projects\IdentityProject\Identity\Identity.INFRASTRUCTURE\Migrations\20260202231742_editt.Designer.cs(16,19): warning CS8981: The type name 'editt' only contains lower-cased ascii characters. Such names may become reserved for the language. [J:\Studing\some projects\IdentityProject\Identity\Identity.INFRASTRUCTURE\MyShop.INFRASTRUCTURE.csproj]
J:\Studing\some projects\IdentityProject\Identity\Identity.INFRASTRUCTURE\Migrations\20260202232004_edittt.cs(8,26): warning CS8981: The type name 'edittt' only contains lower-cased ascii characters. Such names may become reserved for the language. [J:\Studing\some projects\IdentityProject\Identity\Identity.INFRASTRUCTURE\MyShop.INFRASTRUCTURE.csproj]
J:\Studing\some projects\IdentityProject\Identity\Identity.INFRASTRUCTURE\Migrations\20260202232004_edittt.Designer.cs(16,19): warning CS8981: The type name 'edittt' only contains lower-cased ascii characters. Such names may become reserved for the language. [J:\Studing\some projects\IdentityProject\Identity\Identity.INFRASTRUCTURE\MyShop.INFRASTRUCTURE.csproj]
J:\Studing\some projects\IdentityProject\Identity\Identity.INFRASTRUCTURE\Repositories\AddressRepository.cs(14,39): warning CS0108: 'AddressRepository._context' hides inherited member 'BaseRepository<Address>._context'. Use the new keyword if hiding was intended. [J:\Studing\some projects\IdentityProject\Identity\Identity.INFRASTRUCTURE\MyShop.INFRASTRUCTURE.csproj]
J:\Studing\some projects\IdentityProject\Identity\Identity.INFRASTRUCTURE\Repositories\BaseRepository.cs(77,80): warning CS8625: Cannot convert null literal to non-nullable reference type. [J:\Studing\some projects\IdentityProject\Identity\Identity.INFRASTRUCTURE\MyShop.INFRASTRUCTURE.csproj]
J:\Studing\some projects\IdentityProject\Identity\Identity.INFRASTRUCTURE\Repositories\BaseRepository.cs(89,138): warning CS8625: Cannot convert null literal to non-nullable reference type. [J:\Studing\some projects\IdentityProject\Identity\Identity.INFRASTRUCTURE\MyShop.INFRASTRUCTURE.csproj]
J:\Studing\some projects\IdentityProject\Identity\Identity.INFRASTRUCTURE\Repositories\BaseRepository.cs(116,138): warning CS8625: Cannot convert null literal to non-nullable reference type. [J:\Studing\some projects\IdentityProject\Identity\Identity.INFRASTRUCTURE\MyShop.INFRASTRUCTURE.csproj]
J:\Studing\some projects\IdentityProject\Identity\Identity.INFRASTRUCTURE\Repositories\BaseRepository.cs(142,92): warning CS8625: Cannot convert null literal to non-nullable reference type. [J:\Studing\some projects\IdentityProject\Identity\Identity.INFRASTRUCTURE\MyShop.INFRASTRUCTURE.csproj]
J:\Studing\some projects\IdentityProject\Identity\Identity.INFRASTRUCTURE\Repositories\CartItemRepository.cs(14,39): warning CS0108: 'CartItemRepository._context' hides inherited member 'BaseRepository<CartItem>._context'. Use the new keyword if hiding was intended. [J:\Studing\some projects\IdentityProject\Identity\Identity.INFRASTRUCTURE\MyShop.INFRASTRUCTURE.csproj]
J:\Studing\some projects\IdentityProject\Identity\Identity.INFRASTRUCTURE\Repositories\CategoryRepository.cs(17,39): warning CS0108: 'CategoryRepository._context' hides inherited member 'BaseRepository<Category>._context'. Use the new keyword if hiding was intended. [J:\Studing\some projects\IdentityProject\Identity\Identity.INFRASTRUCTURE\MyShop.INFRASTRUCTURE.csproj]
J:\Studing\some projects\IdentityProject\Identity\Identity.INFRASTRUCTURE\Repositories\ProductRepository.cs(16,39): warning CS0108: 'ProductRepository._context' hides inherited member 'BaseRepository<Product>._context'. Use the new keyword if hiding was intended. [J:\Studing\some projects\IdentityProject\Identity\Identity.INFRASTRUCTURE\MyShop.INFRASTRUCTURE.csproj]
J:\Studing\some projects\IdentityProject\Identity\Identity.INFRASTRUCTURE\Repositories\ProductPhotoRepository.cs(17,39): warning CS0108: 'ProductPhotoRepository._context' hides inherited member 'BaseRepository<ProductPhoto>._context'. Use the new keyword if hiding was intended. [J:\Studing\some projects\IdentityProject\Identity\Identity.INFRASTRUCTURE\MyShop.INFRASTRUCTURE.csproj]
J:\Studing\some projects\IdentityProject\Identity\Identity.INFRASTRUCTURE\Repositories\ReviewRepository.cs(14,39): warning CS0108: 'ReviewRepository._context' hides inherited member 'BaseRepository<Review>._context'. Use the new keyword if hiding was intended. [J:\Studing\some projects\IdentityProject\Identity\Identity.INFRASTRUCTURE\MyShop.INFRASTRUCTURE.csproj]
J:\Studing\some projects\IdentityProject\Identity\Identity.INFRASTRUCTURE\Repositories\BaseRepository.cs(91,59): warning CS8604: Possible null reference argument for parameter 'predicate' in 'IQueryable<T> Queryable.Where<T>(IQueryable<T> source, Expression<Func<T, bool>> predicate)'. [J:\Studing\some projects\IdentityProject\Identity\Identity.INFRASTRUCTURE\MyShop.INFRASTRUCTURE.csproj]
J:\Studing\some projects\IdentityProject\Identity\Identity.INFRASTRUCTURE\Repositories\BaseRepository.cs(118,59): warning CS8604: Possible null reference argument for parameter 'predicate' in 'IQueryable<T> Queryable.Where<T>(IQueryable<T> source, Expression<Func<T, bool>> predicate)'. [J:\Studing\some projects\IdentityProject\Identity\Identity.INFRASTRUCTURE\MyShop.INFRASTRUCTURE.csproj]
J:\Studing\some projects\IdentityProject\Identity\Identity.INFRASTRUCTURE\Repositories\BaseRepository.cs(149,46): warning CS8604: Possible null reference argument for parameter 'predicate' in 'Task<T?> EntityFrameworkQueryableExtensions.FirstOrDefaultAsync<T>(IQueryable<T> source, Expression<Func<T, bool>> predicate, CancellationToken cancellationToken = default(CancellationToken))'. [J:\Studing\some projects\IdentityProject\Identity\Identity.INFRASTRUCTURE\MyShop.INFRASTRUCTURE.csproj]
  MyShop.INFRASTRUCTURE -> J:\Studing\some projects\IdentityProject\Identity\Identity.INFRASTRUCTURE\bin\Debug\net9.0\MyShop.INFRASTRUCTURE.dll
J:\Studing\some projects\IdentityProject\Identity\Identity.API\Controllers\WishController.cs(30,45): warning CS8602: Dereference of a possibly null reference. [J:\Studing\some projects\IdentityProject\Identity\Identity.API\MyShop.API.csproj]
J:\Studing\some projects\IdentityProject\Identity\Identity.API\Controllers\WishController.cs(41,45): warning CS8602: Dereference of a possibly null reference. [J:\Studing\some projects\IdentityProject\Identity\Identity.API\MyShop.API.csproj]
J:\Studing\some projects\IdentityProject\Identity\Identity.API\Controllers\WishController.cs(53,45): warning CS8602: Dereference of a possibly null reference. [J:\Studing\some projects\IdentityProject\Identity\Identity.API\MyShop.API.csproj]
J:\Studing\some projects\IdentityProject\Identity\Identity.API\Controllers\ProductsController.cs(25,45): warning CS8602: Dereference of a possibly null reference. [J:\Studing\some projects\IdentityProject\Identity\Identity.API\MyShop.API.csproj]
J:\Studing\some projects\IdentityProject\Identity\Identity.API\Controllers\ProductsController.cs(38,45): warning CS8602: Dereference of a possibly null reference. [J:\Studing\some projects\IdentityProject\Identity\Identity.API\MyShop.API.csproj]
J:\Studing\some projects\IdentityProject\Identity\Identity.API\Controllers\ProductsController.cs(48,45): warning CS8602: Dereference of a possibly null reference. [J:\Studing\some projects\IdentityProject\Identity\Identity.API\MyShop.API.csproj]
J:\Studing\some projects\IdentityProject\Identity\Identity.API\Controllers\ProductsController.cs(59,45): warning CS8602: Dereference of a possibly null reference. [J:\Studing\some projects\IdentityProject\Identity\Identity.API\MyShop.API.csproj]
J:\Studing\some projects\IdentityProject\Identity\Identity.API\Controllers\ProductsController.cs(71,45): warning CS8602: Dereference of a possibly null reference. [J:\Studing\some projects\IdentityProject\Identity\Identity.API\MyShop.API.csproj]
J:\Studing\some projects\IdentityProject\Identity\Identity.API\Controllers\ProductsController.cs(82,45): warning CS8602: Dereference of a possibly null reference. [J:\Studing\some projects\IdentityProject\Identity\Identity.API\MyShop.API.csproj]
J:\Studing\some projects\IdentityProject\Identity\Identity.API\Controllers\ProductsController.cs(96,49): warning CS8602: Dereference of a possibly null reference. [J:\Studing\some projects\IdentityProject\Identity\Identity.API\MyShop.API.csproj]
J:\Studing\some projects\IdentityProject\Identity\Identity.API\Controllers\ProductsController.cs(98,29): warning CS8604: Possible null reference argument for parameter 'item' in 'void List<AddProductDto>.Add(AddProductDto item)'. [J:\Studing\some projects\IdentityProject\Identity\Identity.API\MyShop.API.csproj]
J:\Studing\some projects\IdentityProject\Identity\Identity.API\Controllers\PhotoController.cs(35,45): warning CS8602: Dereference of a possibly null reference. [J:\Studing\some projects\IdentityProject\Identity\Identity.API\MyShop.API.csproj]
J:\Studing\some projects\IdentityProject\Identity\Identity.API\Controllers\PhotoController.cs(50,45): warning CS8602: Dereference of a possibly null reference. [J:\Studing\some projects\IdentityProject\Identity\Identity.API\MyShop.API.csproj]
J:\Studing\some projects\IdentityProject\Identity\Identity.API\Controllers\PhotoController.cs(61,45): warning CS8602: Dereference of a possibly null reference. [J:\Studing\some projects\IdentityProject\Identity\Identity.API\MyShop.API.csproj]
J:\Studing\some projects\IdentityProject\Identity\Identity.API\Controllers\PhotoController.cs(64,68): warning CS8604: Possible null reference argument for parameter 'path' in 'Task<byte[]> File.ReadAllBytesAsync(string path, CancellationToken cancellationToken = default(CancellationToken))'. [J:\Studing\some projects\IdentityProject\Identity\Identity.API\MyShop.API.csproj]
J:\Studing\some projects\IdentityProject\Identity\Identity.API\Controllers\CartController.cs(31,45): warning CS8602: Dereference of a possibly null reference. [J:\Studing\some projects\IdentityProject\Identity\Identity.API\MyShop.API.csproj]
J:\Studing\some projects\IdentityProject\Identity\Identity.API\Controllers\CartController.cs(43,45): warning CS8602: Dereference of a possibly null reference. [J:\Studing\some projects\IdentityProject\Identity\Identity.API\MyShop.API.csproj]
J:\Studing\some projects\IdentityProject\Identity\Identity.API\Controllers\CartController.cs(55,45): warning CS8602: Dereference of a possibly null reference. [J:\Studing\some projects\IdentityProject\Identity\Identity.API\MyShop.API.csproj]
J:\Studing\some projects\IdentityProject\Identity\Identity.API\Controllers\PhotoController.cs(74,45): warning CS8602: Dereference of a possibly null reference. [J:\Studing\some projects\IdentityProject\Identity\Identity.API\MyShop.API.csproj]
J:\Studing\some projects\IdentityProject\Identity\Identity.API\Controllers\PhotoController.cs(77,68): warning CS8604: Possible null reference argument for parameter 'path' in 'Task<byte[]> File.ReadAllBytesAsync(string path, CancellationToken cancellationToken = default(CancellationToken))'. [J:\Studing\some projects\IdentityProject\Identity\Identity.API\MyShop.API.csproj]
J:\Studing\some projects\IdentityProject\Identity\Identity.API\Controllers\PhotoController.cs(95,45): warning CS8602: Dereference of a possibly null reference. [J:\Studing\some projects\IdentityProject\Identity\Identity.API\MyShop.API.csproj]
J:\Studing\some projects\IdentityProject\Identity\Identity.API\Controllers\OrderController.cs(32,45): warning CS8602: Dereference of a possibly null reference. [J:\Studing\some projects\IdentityProject\Identity\Identity.API\MyShop.API.csproj]
J:\Studing\some projects\IdentityProject\Identity\Identity.API\Controllers\OrderController.cs(47,45): warning CS8602: Dereference of a possibly null reference. [J:\Studing\some projects\IdentityProject\Identity\Identity.API\MyShop.API.csproj]
J:\Studing\some projects\IdentityProject\Identity\Identity.API\Controllers\OrderController.cs(59,45): warning CS8602: Dereference of a possibly null reference. [J:\Studing\some projects\IdentityProject\Identity\Identity.API\MyShop.API.csproj]
  MyShop.API -> J:\Studing\some projects\IdentityProject\Identity\Identity.API\bin\Debug\net9.0\MyShop.API.dll

Build succeeded.

J:\Studing\some projects\IdentityProject\Identity\Identity.CORE\Helpers\BaseResponse.cs(16,62): warning CS8625: Cannot convert null literal to non-nullable reference type. [J:\Studing\some projects\IdentityProject\Identity\Identity.CORE\MyShop.CORE.csproj]
J:\Studing\some projects\IdentityProject\Identity\Identity.CORE\Helpers\BaseResponse.cs(23,78): warning CS8625: Cannot convert null literal to non-nullable reference type. [J:\Studing\some projects\IdentityProject\Identity\Identity.CORE\MyShop.CORE.csproj]
J:\Studing\some projects\IdentityProject\Identity\Identity.CORE\Helpers\BaseResponse.cs(31,65): warning CS8625: Cannot convert null literal to non-nullable reference type. [J:\Studing\some projects\IdentityProject\Identity\Identity.CORE\MyShop.CORE.csproj]
J:\Studing\some projects\IdentityProject\Identity\Identity.CORE\RepositoriyInterfaces\IBaseRepository.cs(19,73): warning CS8625: Cannot convert null literal to non-nullable reference type. [J:\Studing\some projects\IdentityProject\Identity\Identity.CORE\MyShop.CORE.csproj]
J:\Studing\some projects\IdentityProject\Identity\Identity.CORE\RepositoriyInterfaces\IBaseRepository.cs(20,85): warning CS8625: Cannot convert null literal to non-nullable reference type. [J:\Studing\some projects\IdentityProject\Identity\Identity.CORE\MyShop.CORE.csproj]
J:\Studing\some projects\IdentityProject\Identity\Identity.CORE\RepositoriyInterfaces\IBaseRepository.cs(22,138): warning CS8625: Cannot convert null literal to non-nullable reference type. [J:\Studing\some projects\IdentityProject\Identity\Identity.CORE\MyShop.CORE.csproj]
J:\Studing\some projects\IdentityProject\Identity\Identity.CORE\RepositoriyInterfaces\IBaseRepository.cs(24,138): warning CS8625: Cannot convert null literal to non-nullable reference type. [J:\Studing\some projects\IdentityProject\Identity\Identity.CORE\MyShop.CORE.csproj]
J:\Studing\some projects\IdentityProject\Identity\Identity.CORE\Dtos\Wish\WishResponseDto.cs(16,30): warning CS8618: Non-nullable property 'Product' must contain a non-null value when exiting constructor. Consider adding the 'required' modifier or declaring the property as nullable. [J:\Studing\some projects\IdentityProject\Identity\Identity.CORE\MyShop.CORE.csproj]
J:\Studing\some projects\IdentityProject\Identity\Identity.CORE\Dtos\CartItem\CartItemResponse.cs(14,30): warning CS8618: Non-nullable property 'Product' must contain a non-null value when exiting constructor. Consider adding the 'required' modifier or declaring the property as nullable. [J:\Studing\some projects\IdentityProject\Identity\Identity.CORE\MyShop.CORE.csproj]
J:\Studing\some projects\IdentityProject\Identity\Identity.CORE\Dtos\Category\AddCategoryDto.cs(11,23): warning CS8618: Non-nullable property 'Name' must contain a non-null value when exiting constructor. Consider adding the 'required' modifier or declaring the property as nullable. [J:\Studing\some projects\IdentityProject\Identity\Identity.CORE\MyShop.CORE.csproj]
J:\Studing\some projects\IdentityProject\Identity\Identity.CORE\Implmentations\WishService.cs(63,49): warning CS8604: Possible null reference argument for parameter 'userId' in 'Task<ApplicationUser?> UserManager<ApplicationUser>.FindByIdAsync(string userId)'. [J:\Studing\some projects\IdentityProject\Identity\Identity.CORE\MyShop.CORE.csproj]
J:\Studing\some projects\IdentityProject\Identity\Identity.CORE\Dtos\Order\OrderResponseDto.cs(16,23): warning CS8618: Non-nullable property 'BuyerName' must contain a non-null value when exiting constructor. Consider adding the 'required' modifier or declaring the property as nullable. [J:\Studing\some projects\IdentityProject\Identity\Identity.CORE\MyShop.CORE.csproj]
J:\Studing\some projects\IdentityProject\Identity\Identity.CORE\Dtos\Order\OrderResponseDto.cs(17,23): warning CS8618: Non-nullable property 'BuyerEmail' must contain a non-null value when exiting constructor. Consider adding the 'required' modifier or declaring the property as nullable. [J:\Studing\some projects\IdentityProject\Identity\Identity.CORE\MyShop.CORE.csproj]
J:\Studing\some projects\IdentityProject\Identity\Identity.CORE\Dtos\Order\OrderResponseDto.cs(18,23): warning CS8618: Non-nullable property 'BuyerPhone' must contain a non-null value when exiting constructor. Consider adding the 'required' modifier or declaring the property as nullable. [J:\Studing\some projects\IdentityProject\Identity\Identity.CORE\MyShop.CORE.csproj]
J:\Studing\some projects\IdentityProject\Identity\Identity.CORE\Dtos\Order\AddOrderDto.cs(15,23): warning CS8618: Non-nullable property 'PhoneNumber' must contain a non-null value when exiting constructor. Consider adding the 'required' modifier or declaring the property as nullable. [J:\Studing\some projects\IdentityProject\Identity\Identity.CORE\MyShop.CORE.csproj]
J:\Studing\some projects\IdentityProject\Identity\Identity.CORE\Dtos\User\UserProfileDto.cs(12,23): warning CS8618: Non-nullable property 'FirstName' must contain a non-null value when exiting constructor. Consider adding the 'required' modifier or declaring the property as nullable. [J:\Studing\some projects\IdentityProject\Identity\Identity.CORE\MyShop.CORE.csproj]
J:\Studing\some projects\IdentityProject\Identity\Identity.CORE\Dtos\User\UserProfileDto.cs(13,23): warning CS8618: Non-nullable property 'LastName' must contain a non-null value when exiting constructor. Consider adding the 'required' modifier or declaring the property as nullable. [J:\Studing\some projects\IdentityProject\Identity\Identity.CORE\MyShop.CORE.csproj]
J:\Studing\some projects\IdentityProject\Identity\Identity.CORE\Dtos\User\UserProfileDto.cs(16,26): warning CS8618: Non-nullable property 'userPhoto' must contain a non-null value when exiting constructor. Consider adding the 'required' modifier or declaring the property as nullable. [J:\Studing\some projects\IdentityProject\Identity\Identity.CORE\MyShop.CORE.csproj]
J:\Studing\some projects\IdentityProject\Identity\Identity.CORE\Entities\Wish.cs(15,24): warning CS8618: Non-nullable property 'Product' must contain a non-null value when exiting constructor. Consider adding the 'required' modifier or declaring the property as nullable. [J:\Studing\some projects\IdentityProject\Identity\Identity.CORE\MyShop.CORE.csproj]
J:\Studing\some projects\IdentityProject\Identity\Identity.CORE\Implmentations\UserService.cs(36,37): warning CS8601: Possible null reference assignment. [J:\Studing\some projects\IdentityProject\Identity\Identity.CORE\MyShop.CORE.csproj]
J:\Studing\some projects\IdentityProject\Identity\Identity.CORE\Entities\UserPhoto.cs(20,32): warning CS8618: Non-nullable property 'User' must contain a non-null value when exiting constructor. Consider adding the 'required' modifier or declaring the property as nullable. [J:\Studing\some projects\IdentityProject\Identity\Identity.CORE\MyShop.CORE.csproj]
J:\Studing\some projects\IdentityProject\Identity\Identity.CORE\Entities\Address.cs(17,32): warning CS8618: Non-nullable property 'ApplicationUser' must contain a non-null value when exiting constructor. Consider adding the 'required' modifier or declaring the property as nullable. [J:\Studing\some projects\IdentityProject\Identity\Identity.CORE\MyShop.CORE.csproj]
J:\Studing\some projects\IdentityProject\Identity\Identity.CORE\Entities\CartItem.cs(17,24): warning CS8618: Non-nullable property 'Product' must contain a non-null value when exiting constructor. Consider adding the 'required' modifier or declaring the property as nullable. [J:\Studing\some projects\IdentityProject\Identity\Identity.CORE\MyShop.CORE.csproj]
J:\Studing\some projects\IdentityProject\Identity\Identity.CORE\Entities\CartItem.cs(21,25): warning CS8618: Non-nullable property 'Customer' must contain a non-null value when exiting constructor. Consider adding the 'required' modifier or declaring the property as nullable. [J:\Studing\some projects\IdentityProject\Identity\Identity.CORE\MyShop.CORE.csproj]
J:\Studing\some projects\IdentityProject\Identity\Identity.CORE\Entities\Seller.cs(17,32): warning CS8618: Non-nullable property 'User' must contain a non-null value when exiting constructor. Consider adding the 'required' modifier or declaring the property as nullable. [J:\Studing\some projects\IdentityProject\Identity\Identity.CORE\MyShop.CORE.csproj]
J:\Studing\some projects\IdentityProject\Identity\Identity.CORE\Entities\Review.cs(16,24): warning CS8618: Non-nullable property 'Product' must contain a non-null value when exiting constructor. Consider adding the 'required' modifier or declaring the property as nullable. [J:\Studing\some projects\IdentityProject\Identity\Identity.CORE\MyShop.CORE.csproj]
J:\Studing\some projects\IdentityProject\Identity\Identity.CORE\Entities\Review.cs(19,25): warning CS8618: Non-nullable property 'Customer' must contain a non-null value when exiting constructor. Consider adding the 'required' modifier or declaring the property as nullable. [J:\Studing\some projects\IdentityProject\Identity\Identity.CORE\MyShop.CORE.csproj]
J:\Studing\some projects\IdentityProject\Identity\Identity.CORE\Entities\ProductPhoto.cs(17,24): warning CS8618: Non-nullable property 'Product' must contain a non-null value when exiting constructor. Consider adding the 'required' modifier or declaring the property as nullable. [J:\Studing\some projects\IdentityProject\Identity\Identity.CORE\MyShop.CORE.csproj]
J:\Studing\some projects\IdentityProject\Identity\Identity.CORE\Entities\ProductCoupon.cs(14,24): warning CS8618: Non-nullable property 'Product' must contain a non-null value when exiting constructor. Consider adding the 'required' modifier or declaring the property as nullable. [J:\Studing\some projects\IdentityProject\Identity\Identity.CORE\MyShop.CORE.csproj]
J:\Studing\some projects\IdentityProject\Identity\Identity.CORE\Entities\ProductCoupon.cs(17,23): warning CS8618: Non-nullable property 'Coupon' must contain a non-null value when exiting constructor. Consider adding the 'required' modifier or declaring the property as nullable. [J:\Studing\some projects\IdentityProject\Identity\Identity.CORE\MyShop.CORE.csproj]
J:\Studing\some projects\IdentityProject\Identity\Identity.CORE\Dtos\Product\AddProductDto.cs(13,23): warning CS8618: Non-nullable property 'Name' must contain a non-null value when exiting constructor. Consider adding the 'required' modifier or declaring the property as nullable. [J:\Studing\some projects\IdentityProject\Identity\Identity.CORE\MyShop.CORE.csproj]
J:\Studing\some projects\IdentityProject\Identity\Identity.CORE\Entities\Customer.cs(17,32): warning CS8618: Non-nullable property 'User' must contain a non-null value when exiting constructor. Consider adding the 'required' modifier or declaring the property as nullable. [J:\Studing\some projects\IdentityProject\Identity\Identity.CORE\MyShop.CORE.csproj]
J:\Studing\some projects\IdentityProject\Identity\Identity.CORE\Entities\Product.cs(26,23): warning CS8618: Non-nullable property 'Supplier' must contain a non-null value when exiting constructor. Consider adding the 'required' modifier or declaring the property as nullable. [J:\Studing\some projects\IdentityProject\Identity\Identity.CORE\MyShop.CORE.csproj]
J:\Studing\some projects\IdentityProject\Identity\Identity.CORE\Entities\Product.cs(29,25): warning CS8618: Non-nullable property 'Category' must contain a non-null value when exiting constructor. Consider adding the 'required' modifier or declaring the property as nullable. [J:\Studing\some projects\IdentityProject\Identity\Identity.CORE\MyShop.CORE.csproj]
J:\Studing\some projects\IdentityProject\Identity\Identity.CORE\Entities\OrderItem.cs(17,22): warning CS8618: Non-nullable property 'Order' must contain a non-null value when exiting constructor. Consider adding the 'required' modifier or declaring the property as nullable. [J:\Studing\some projects\IdentityProject\Identity\Identity.CORE\MyShop.CORE.csproj]
J:\Studing\some projects\IdentityProject\Identity\Identity.CORE\Entities\OrderItem.cs(20,24): warning CS8618: Non-nullable property 'Product' must contain a non-null value when exiting constructor. Consider adding the 'required' modifier or declaring the property as nullable. [J:\Studing\some projects\IdentityProject\Identity\Identity.CORE\MyShop.CORE.csproj]
J:\Studing\some projects\IdentityProject\Identity\Identity.CORE\Entities\OrderItem.cs(23,23): warning CS8618: Non-nullable property 'ProductName' must contain a non-null value when exiting constructor. Consider adding the 'required' modifier or declaring the property as nullable. [J:\Studing\some projects\IdentityProject\Identity\Identity.CORE\MyShop.CORE.csproj]
J:\Studing\some projects\IdentityProject\Identity\Identity.CORE\Entities\Order.cs(18,25): warning CS8618: Non-nullable property 'Customer' must contain a non-null value when exiting constructor. Consider adding the 'required' modifier or declaring the property as nullable. [J:\Studing\some projects\IdentityProject\Identity\Identity.CORE\MyShop.CORE.csproj]
J:\Studing\some projects\IdentityProject\Identity\Identity.CORE\Entities\Order.cs(21,23): warning CS8618: Non-nullable property 'Seller' must contain a non-null value when exiting constructor. Consider adding the 'required' modifier or declaring the property as nullable. [J:\Studing\some projects\IdentityProject\Identity\Identity.CORE\MyShop.CORE.csproj]
J:\Studing\some projects\IdentityProject\Identity\Identity.CORE\Entities\Order.cs(23,23): warning CS8618: Non-nullable property 'BuyerName' must contain a non-null value when exiting constructor. Consider adding the 'required' modifier or declaring the property as nullable. [J:\Studing\some projects\IdentityProject\Identity\Identity.CORE\MyShop.CORE.csproj]
J:\Studing\some projects\IdentityProject\Identity\Identity.CORE\Entities\Order.cs(24,23): warning CS8618: Non-nullable property 'BuyerEmail' must contain a non-null value when exiting constructor. Consider adding the 'required' modifier or declaring the property as nullable. [J:\Studing\some projects\IdentityProject\Identity\Identity.CORE\MyShop.CORE.csproj]
J:\Studing\some projects\IdentityProject\Identity\Identity.CORE\Entities\Order.cs(25,23): warning CS8618: Non-nullable property 'BuyerPhone' must contain a non-null value when exiting constructor. Consider adding the 'required' modifier or declaring the property as nullable. [J:\Studing\some projects\IdentityProject\Identity\Identity.CORE\MyShop.CORE.csproj]
J:\Studing\some projects\IdentityProject\Identity\Identity.CORE\Entities\Order.cs(27,23): warning CS8618: Non-nullable property 'Street' must contain a non-null value when exiting constructor. Consider adding the 'required' modifier or declaring the property as nullable. [J:\Studing\some projects\IdentityProject\Identity\Identity.CORE\MyShop.CORE.csproj]
J:\Studing\some projects\IdentityProject\Identity\Identity.CORE\Helpers\BaseResponse.cs(12,16): warning CS8618: Non-nullable property 'Data' must contain a non-null value when exiting constructor. Consider adding the 'required' modifier or declaring the property as nullable. [J:\Studing\some projects\IdentityProject\Identity\Identity.CORE\MyShop.CORE.csproj]
J:\Studing\some projects\IdentityProject\Identity\Identity.CORE\Helpers\BaseResponse.cs(12,16): warning CS8618: Non-nullable property 'ResponseMessage' must contain a non-null value when exiting constructor. Consider adding the 'required' modifier or declaring the property as nullable. [J:\Studing\some projects\IdentityProject\Identity\Identity.CORE\MyShop.CORE.csproj]
J:\Studing\some projects\IdentityProject\Identity\Identity.CORE\Helpers\BaseResponse.cs(31,16): warning CS8618: Non-nullable property 'Data' must contain a non-null value when exiting constructor. Consider adding the 'required' modifier or declaring the property as nullable. [J:\Studing\some projects\IdentityProject\Identity\Identity.CORE\MyShop.CORE.csproj]
J:\Studing\some projects\IdentityProject\Identity\Identity.CORE\Dtos\Product\DeleteProductDto.cs(12,23): warning CS8618: Non-nullable property 'Name' must contain a non-null value when exiting constructor. Consider adding the 'required' modifier or declaring the property as nullable. [J:\Studing\some projects\IdentityProject\Identity\Identity.CORE\MyShop.CORE.csproj]
J:\Studing\some projects\IdentityProject\Identity\Identity.CORE\Dtos\Product\GetProductDto.cs(23,23): warning CS8618: Non-nullable property 'SupplierName' must contain a non-null value when exiting constructor. Consider adding the 'required' modifier or declaring the property as nullable. [J:\Studing\some projects\IdentityProject\Identity\Identity.CORE\MyShop.CORE.csproj]
J:\Studing\some projects\IdentityProject\Identity\Identity.CORE\Dtos\Product\GetProductDto.cs(24,23): warning CS8618: Non-nullable property 'Category' must contain a non-null value when exiting constructor. Consider adding the 'required' modifier or declaring the property as nullable. [J:\Studing\some projects\IdentityProject\Identity\Identity.CORE\MyShop.CORE.csproj]
J:\Studing\some projects\IdentityProject\Identity\Identity.CORE\Implmentations\ReviewService.cs(41,66): warning CS8604: Possible null reference argument for parameter 'user' in 'Task<bool> UserManager<ApplicationUser>.IsInRoleAsync(ApplicationUser user, string role)'. [J:\Studing\some projects\IdentityProject\Identity\Identity.CORE\MyShop.CORE.csproj]
J:\Studing\some projects\IdentityProject\Identity\Identity.CORE\Implmentations\Auth\AuthService.cs(247,30): warning CS0168: The variable 'ex' is declared but never used [J:\Studing\some projects\IdentityProject\Identity\Identity.CORE\MyShop.CORE.csproj]
J:\Studing\some projects\IdentityProject\Identity\Identity.CORE\Implmentations\CartService.cs(54,17): warning CS8602: Dereference of a possibly null reference. [J:\Studing\some projects\IdentityProject\Identity\Identity.CORE\MyShop.CORE.csproj]
J:\Studing\some projects\IdentityProject\Identity\Identity.CORE\Implmentations\FileService.cs(55,36): warning CS8604: Possible null reference argument for parameter 'item' in 'void List<string>.Add(string item)'. [J:\Studing\some projects\IdentityProject\Identity\Identity.CORE\MyShop.CORE.csproj]
J:\Studing\some projects\IdentityProject\Identity\Identity.CORE\Implmentations\ProductService.cs(185,95): warning CS8604: Possible null reference argument for parameter 'userId' in 'Task<ApplicationUser?> UserManager<ApplicationUser>.FindByIdAsync(string userId)'. [J:\Studing\some projects\IdentityProject\Identity\Identity.CORE\MyShop.CORE.csproj]
J:\Studing\some projects\IdentityProject\Identity\Identity.CORE\Implmentations\PhotoService.cs(48,32): warning CS8601: Possible null reference assignment. [J:\Studing\some projects\IdentityProject\Identity\Identity.CORE\MyShop.CORE.csproj]
J:\Studing\some projects\IdentityProject\Identity\Identity.CORE\Implmentations\PhotoService.cs(49,70): warning CS8604: Possible null reference argument for parameter 'path2' in 'string Path.Combine(string path1, string path2)'. [J:\Studing\some projects\IdentityProject\Identity\Identity.CORE\MyShop.CORE.csproj]
J:\Studing\some projects\IdentityProject\Identity\Identity.CORE\Implmentations\PhotoService.cs(88,28): warning CS8601: Possible null reference assignment. [J:\Studing\some projects\IdentityProject\Identity\Identity.CORE\MyShop.CORE.csproj]
J:\Studing\some projects\IdentityProject\Identity\Identity.CORE\Implmentations\PhotoService.cs(89,63): warning CS8604: Possible null reference argument for parameter 'path2' in 'string Path.Combine(string path1, string path2)'. [J:\Studing\some projects\IdentityProject\Identity\Identity.CORE\MyShop.CORE.csproj]
J:\Studing\some projects\IdentityProject\Identity\Identity.CORE\Implmentations\PhotoService.cs(111,45): warning CS8604: Possible null reference argument for parameter 'fileName' in 'Result<string> IFileService.GetFilePath(string fileName, string folderName)'. [J:\Studing\some projects\IdentityProject\Identity\Identity.CORE\MyShop.CORE.csproj]
J:\Studing\some projects\IdentityProject\Identity\Identity.CORE\Implmentations\PhotoService.cs(116,45): warning CS8604: Possible null reference argument for parameter 'fileName' in 'Result<string> IFileService.GetFilePath(string fileName, string folderName)'. [J:\Studing\some projects\IdentityProject\Identity\Identity.CORE\MyShop.CORE.csproj]
J:\Studing\some projects\IdentityProject\Identity\Identity.CORE\Implmentations\OrderService.cs(57,75): warning CS8600: Converting null literal or possible null value to non-nullable type. [J:\Studing\some projects\IdentityProject\Identity\Identity.CORE\MyShop.CORE.csproj]
J:\Studing\some projects\IdentityProject\Identity\Identity.CORE\Implmentations\OrderService.cs(63,41): warning CS8600: Converting null literal or possible null value to non-nullable type. [J:\Studing\some projects\IdentityProject\Identity\Identity.CORE\MyShop.CORE.csproj]
J:\Studing\some projects\IdentityProject\Identity\Identity.CORE\Implmentations\OrderService.cs(67,61): warning CS8602: Dereference of a possibly null reference. [J:\Studing\some projects\IdentityProject\Identity\Identity.CORE\MyShop.CORE.csproj]
J:\Studing\some projects\IdentityProject\Identity\Identity.CORE\Implmentations\OrderService.cs(107,33): warning CS8601: Possible null reference assignment. [J:\Studing\some projects\IdentityProject\Identity\Identity.CORE\MyShop.CORE.csproj]
J:\Studing\some projects\IdentityProject\Identity\Identity.CORE\Implmentations\OrderService.cs(115,68): warning CS8629: Nullable value type may be null. [J:\Studing\some projects\IdentityProject\Identity\Identity.CORE\MyShop.CORE.csproj]
J:\Studing\some projects\IdentityProject\Identity\Identity.INFRASTRUCTURE\Migrations\20260201214344_init.cs(9,26): warning CS8981: The type name 'init' only contains lower-cased ascii characters. Such names may become reserved for the language. [J:\Studing\some projects\IdentityProject\Identity\Identity.INFRASTRUCTURE\MyShop.INFRASTRUCTURE.csproj]
J:\Studing\some projects\IdentityProject\Identity\Identity.INFRASTRUCTURE\Migrations\20260201214344_init.Designer.cs(16,19): warning CS8981: The type name 'init' only contains lower-cased ascii characters. Such names may become reserved for the language. [J:\Studing\some projects\IdentityProject\Identity\Identity.INFRASTRUCTURE\MyShop.INFRASTRUCTURE.csproj]
J:\Studing\some projects\IdentityProject\Identity\Identity.INFRASTRUCTURE\Migrations\20260202224733_userphotorelation.cs(9,26): warning CS8981: The type name 'userphotorelation' only contains lower-cased ascii characters. Such names may become reserved for the language. [J:\Studing\some projects\IdentityProject\Identity\Identity.INFRASTRUCTURE\MyShop.INFRASTRUCTURE.csproj]
J:\Studing\some projects\IdentityProject\Identity\Identity.INFRASTRUCTURE\Migrations\20260202224733_userphotorelation.Designer.cs(16,19): warning CS8981: The type name 'userphotorelation' only contains lower-cased ascii characters. Such names may become reserved for the language. [J:\Studing\some projects\IdentityProject\Identity\Identity.INFRASTRUCTURE\MyShop.INFRASTRUCTURE.csproj]
J:\Studing\some projects\IdentityProject\Identity\Identity.INFRASTRUCTURE\Migrations\20260202231548_edit.cs(8,26): warning CS8981: The type name 'edit' only contains lower-cased ascii characters. Such names may become reserved for the language. [J:\Studing\some projects\IdentityProject\Identity\Identity.INFRASTRUCTURE\MyShop.INFRASTRUCTURE.csproj]
J:\Studing\some projects\IdentityProject\Identity\Identity.INFRASTRUCTURE\Migrations\20260202231548_edit.Designer.cs(16,19): warning CS8981: The type name 'edit' only contains lower-cased ascii characters. Such names may become reserved for the language. [J:\Studing\some projects\IdentityProject\Identity\Identity.INFRASTRUCTURE\MyShop.INFRASTRUCTURE.csproj]
J:\Studing\some projects\IdentityProject\Identity\Identity.INFRASTRUCTURE\Migrations\20260202231742_editt.cs(8,26): warning CS8981: The type name 'editt' only contains lower-cased ascii characters. Such names may become reserved for the language. [J:\Studing\some projects\IdentityProject\Identity\Identity.INFRASTRUCTURE\MyShop.INFRASTRUCTURE.csproj]
J:\Studing\some projects\IdentityProject\Identity\Identity.INFRASTRUCTURE\Migrations\20260202231742_editt.Designer.cs(16,19): warning CS8981: The type name 'editt' only contains lower-cased ascii characters. Such names may become reserved for the language. [J:\Studing\some projects\IdentityProject\Identity\Identity.INFRASTRUCTURE\MyShop.INFRASTRUCTURE.csproj]
J:\Studing\some projects\IdentityProject\Identity\Identity.INFRASTRUCTURE\Migrations\20260202232004_edittt.cs(8,26): warning CS8981: The type name 'edittt' only contains lower-cased ascii characters. Such names may become reserved for the language. [J:\Studing\some projects\IdentityProject\Identity\Identity.INFRASTRUCTURE\MyShop.INFRASTRUCTURE.csproj]
J:\Studing\some projects\IdentityProject\Identity\Identity.INFRASTRUCTURE\Migrations\20260202232004_edittt.Designer.cs(16,19): warning CS8981: The type name 'edittt' only contains lower-cased ascii characters. Such names may become reserved for the language. [J:\Studing\some projects\IdentityProject\Identity\Identity.INFRASTRUCTURE\MyShop.INFRASTRUCTURE.csproj]
J:\Studing\some projects\IdentityProject\Identity\Identity.INFRASTRUCTURE\Repositories\AddressRepository.cs(14,39): warning CS0108: 'AddressRepository._context' hides inherited member 'BaseRepository<Address>._context'. Use the new keyword if hiding was intended. [J:\Studing\some projects\IdentityProject\Identity\Identity.INFRASTRUCTURE\MyShop.INFRASTRUCTURE.csproj]
J:\Studing\some projects\IdentityProject\Identity\Identity.INFRASTRUCTURE\Repositories\BaseRepository.cs(77,80): warning CS8625: Cannot convert null literal to non-nullable reference type. [J:\Studing\some projects\IdentityProject\Identity\Identity.INFRASTRUCTURE\MyShop.INFRASTRUCTURE.csproj]
J:\Studing\some projects\IdentityProject\Identity\Identity.INFRASTRUCTURE\Repositories\BaseRepository.cs(89,138): warning CS8625: Cannot convert null literal to non-nullable reference type. [J:\Studing\some projects\IdentityProject\Identity\Identity.INFRASTRUCTURE\MyShop.INFRASTRUCTURE.csproj]
J:\Studing\some projects\IdentityProject\Identity\Identity.INFRASTRUCTURE\Repositories\BaseRepository.cs(116,138): warning CS8625: Cannot convert null literal to non-nullable reference type. [J:\Studing\some projects\IdentityProject\Identity\Identity.INFRASTRUCTURE\MyShop.INFRASTRUCTURE.csproj]
J:\Studing\some projects\IdentityProject\Identity\Identity.INFRASTRUCTURE\Repositories\BaseRepository.cs(142,92): warning CS8625: Cannot convert null literal to non-nullable reference type. [J:\Studing\some projects\IdentityProject\Identity\Identity.INFRASTRUCTURE\MyShop.INFRASTRUCTURE.csproj]
J:\Studing\some projects\IdentityProject\Identity\Identity.INFRASTRUCTURE\Repositories\CartItemRepository.cs(14,39): warning CS0108: 'CartItemRepository._context' hides inherited member 'BaseRepository<CartItem>._context'. Use the new keyword if hiding was intended. [J:\Studing\some projects\IdentityProject\Identity\Identity.INFRASTRUCTURE\MyShop.INFRASTRUCTURE.csproj]
J:\Studing\some projects\IdentityProject\Identity\Identity.INFRASTRUCTURE\Repositories\CategoryRepository.cs(17,39): warning CS0108: 'CategoryRepository._context' hides inherited member 'BaseRepository<Category>._context'. Use the new keyword if hiding was intended. [J:\Studing\some projects\IdentityProject\Identity\Identity.INFRASTRUCTURE\MyShop.INFRASTRUCTURE.csproj]
J:\Studing\some projects\IdentityProject\Identity\Identity.INFRASTRUCTURE\Repositories\ProductRepository.cs(16,39): warning CS0108: 'ProductRepository._context' hides inherited member 'BaseRepository<Product>._context'. Use the new keyword if hiding was intended. [J:\Studing\some projects\IdentityProject\Identity\Identity.INFRASTRUCTURE\MyShop.INFRASTRUCTURE.csproj]
J:\Studing\some projects\IdentityProject\Identity\Identity.INFRASTRUCTURE\Repositories\ProductPhotoRepository.cs(17,39): warning CS0108: 'ProductPhotoRepository._context' hides inherited member 'BaseRepository<ProductPhoto>._context'. Use the new keyword if hiding was intended. [J:\Studing\some projects\IdentityProject\Identity\Identity.INFRASTRUCTURE\MyShop.INFRASTRUCTURE.csproj]
J:\Studing\some projects\IdentityProject\Identity\Identity.INFRASTRUCTURE\Repositories\ReviewRepository.cs(14,39): warning CS0108: 'ReviewRepository._context' hides inherited member 'BaseRepository<Review>._context'. Use the new keyword if hiding was intended. [J:\Studing\some projects\IdentityProject\Identity\Identity.INFRASTRUCTURE\MyShop.INFRASTRUCTURE.csproj]
J:\Studing\some projects\IdentityProject\Identity\Identity.INFRASTRUCTURE\Repositories\BaseRepository.cs(91,59): warning CS8604: Possible null reference argument for parameter 'predicate' in 'IQueryable<T> Queryable.Where<T>(IQueryable<T> source, Expression<Func<T, bool>> predicate)'. [J:\Studing\some projects\IdentityProject\Identity\Identity.INFRASTRUCTURE\MyShop.INFRASTRUCTURE.csproj]
J:\Studing\some projects\IdentityProject\Identity\Identity.INFRASTRUCTURE\Repositories\BaseRepository.cs(118,59): warning CS8604: Possible null reference argument for parameter 'predicate' in 'IQueryable<T> Queryable.Where<T>(IQueryable<T> source, Expression<Func<T, bool>> predicate)'. [J:\Studing\some projects\IdentityProject\Identity\Identity.INFRASTRUCTURE\MyShop.INFRASTRUCTURE.csproj]
J:\Studing\some projects\IdentityProject\Identity\Identity.INFRASTRUCTURE\Repositories\BaseRepository.cs(149,46): warning CS8604: Possible null reference argument for parameter 'predicate' in 'Task<T?> EntityFrameworkQueryableExtensions.FirstOrDefaultAsync<T>(IQueryable<T> source, Expression<Func<T, bool>> predicate, CancellationToken cancellationToken = default(CancellationToken))'. [J:\Studing\some projects\IdentityProject\Identity\Identity.INFRASTRUCTURE\MyShop.INFRASTRUCTURE.csproj]
J:\Studing\some projects\IdentityProject\Identity\Identity.API\Controllers\WishController.cs(30,45): warning CS8602: Dereference of a possibly null reference. [J:\Studing\some projects\IdentityProject\Identity\Identity.API\MyShop.API.csproj]
J:\Studing\some projects\IdentityProject\Identity\Identity.API\Controllers\WishController.cs(41,45): warning CS8602: Dereference of a possibly null reference. [J:\Studing\some projects\IdentityProject\Identity\Identity.API\MyShop.API.csproj]
J:\Studing\some projects\IdentityProject\Identity\Identity.API\Controllers\WishController.cs(53,45): warning CS8602: Dereference of a possibly null reference. [J:\Studing\some projects\IdentityProject\Identity\Identity.API\MyShop.API.csproj]
J:\Studing\some projects\IdentityProject\Identity\Identity.API\Controllers\ProductsController.cs(25,45): warning CS8602: Dereference of a possibly null reference. [J:\Studing\some projects\IdentityProject\Identity\Identity.API\MyShop.API.csproj]
J:\Studing\some projects\IdentityProject\Identity\Identity.API\Controllers\ProductsController.cs(38,45): warning CS8602: Dereference of a possibly null reference. [J:\Studing\some projects\IdentityProject\Identity\Identity.API\MyShop.API.csproj]
J:\Studing\some projects\IdentityProject\Identity\Identity.API\Controllers\ProductsController.cs(48,45): warning CS8602: Dereference of a possibly null reference. [J:\Studing\some projects\IdentityProject\Identity\Identity.API\MyShop.API.csproj]
J:\Studing\some projects\IdentityProject\Identity\Identity.API\Controllers\ProductsController.cs(59,45): warning CS8602: Dereference of a possibly null reference. [J:\Studing\some projects\IdentityProject\Identity\Identity.API\MyShop.API.csproj]
J:\Studing\some projects\IdentityProject\Identity\Identity.API\Controllers\ProductsController.cs(71,45): warning CS8602: Dereference of a possibly null reference. [J:\Studing\some projects\IdentityProject\Identity\Identity.API\MyShop.API.csproj]
J:\Studing\some projects\IdentityProject\Identity\Identity.API\Controllers\ProductsController.cs(82,45): warning CS8602: Dereference of a possibly null reference. [J:\Studing\some projects\IdentityProject\Identity\Identity.API\MyShop.API.csproj]
J:\Studing\some projects\IdentityProject\Identity\Identity.API\Controllers\ProductsController.cs(96,49): warning CS8602: Dereference of a possibly null reference. [J:\Studing\some projects\IdentityProject\Identity\Identity.API\MyShop.API.csproj]
J:\Studing\some projects\IdentityProject\Identity\Identity.API\Controllers\ProductsController.cs(98,29): warning CS8604: Possible null reference argument for parameter 'item' in 'void List<AddProductDto>.Add(AddProductDto item)'. [J:\Studing\some projects\IdentityProject\Identity\Identity.API\MyShop.API.csproj]
J:\Studing\some projects\IdentityProject\Identity\Identity.API\Controllers\PhotoController.cs(35,45): warning CS8602: Dereference of a possibly null reference. [J:\Studing\some projects\IdentityProject\Identity\Identity.API\MyShop.API.csproj]
J:\Studing\some projects\IdentityProject\Identity\Identity.API\Controllers\PhotoController.cs(50,45): warning CS8602: Dereference of a possibly null reference. [J:\Studing\some projects\IdentityProject\Identity\Identity.API\MyShop.API.csproj]
J:\Studing\some projects\IdentityProject\Identity\Identity.API\Controllers\PhotoController.cs(61,45): warning CS8602: Dereference of a possibly null reference. [J:\Studing\some projects\IdentityProject\Identity\Identity.API\MyShop.API.csproj]
J:\Studing\some projects\IdentityProject\Identity\Identity.API\Controllers\PhotoController.cs(64,68): warning CS8604: Possible null reference argument for parameter 'path' in 'Task<byte[]> File.ReadAllBytesAsync(string path, CancellationToken cancellationToken = default(CancellationToken))'. [J:\Studing\some projects\IdentityProject\Identity\Identity.API\MyShop.API.csproj]
J:\Studing\some projects\IdentityProject\Identity\Identity.API\Controllers\CartController.cs(31,45): warning CS8602: Dereference of a possibly null reference. [J:\Studing\some projects\IdentityProject\Identity\Identity.API\MyShop.API.csproj]
J:\Studing\some projects\IdentityProject\Identity\Identity.API\Controllers\CartController.cs(43,45): warning CS8602: Dereference of a possibly null reference. [J:\Studing\some projects\IdentityProject\Identity\Identity.API\MyShop.API.csproj]
J:\Studing\some projects\IdentityProject\Identity\Identity.API\Controllers\CartController.cs(55,45): warning CS8602: Dereference of a possibly null reference. [J:\Studing\some projects\IdentityProject\Identity\Identity.API\MyShop.API.csproj]
J:\Studing\some projects\IdentityProject\Identity\Identity.API\Controllers\PhotoController.cs(74,45): warning CS8602: Dereference of a possibly null reference. [J:\Studing\some projects\IdentityProject\Identity\Identity.API\MyShop.API.csproj]
J:\Studing\some projects\IdentityProject\Identity\Identity.API\Controllers\PhotoController.cs(77,68): warning CS8604: Possible null reference argument for parameter 'path' in 'Task<byte[]> File.ReadAllBytesAsync(string path, CancellationToken cancellationToken = default(CancellationToken))'. [J:\Studing\some projects\IdentityProject\Identity\Identity.API\MyShop.API.csproj]
J:\Studing\some projects\IdentityProject\Identity\Identity.API\Controllers\PhotoController.cs(95,45): warning CS8602: Dereference of a possibly null reference. [J:\Studing\some projects\IdentityProject\Identity\Identity.API\MyShop.API.csproj]
J:\Studing\some projects\IdentityProject\Identity\Identity.API\Controllers\OrderController.cs(32,45): warning CS8602: Dereference of a possibly null reference. [J:\Studing\some projects\IdentityProject\Identity\Identity.API\MyShop.API.csproj]
J:\Studing\some projects\IdentityProject\Identity\Identity.API\Controllers\OrderController.cs(47,45): warning CS8602: Dereference of a possibly null reference. [J:\Studing\some projects\IdentityProject\Identity\Identity.API\MyShop.API.csproj]
J:\Studing\some projects\IdentityProject\Identity\Identity.API\Controllers\OrderController.cs(59,45): warning CS8602: Dereference of a possibly null reference. [J:\Studing\some projects\IdentityProject\Identity\Identity.API\MyShop.API.csproj]
    112 Warning(s)
    0 Error(s)

Time Elapsed 00:00:08.19
